2026-08-21 10:28:46,519 | INFO | app.websocket.ticket_chat_manager | [TICKET WS] TicketChatManager initialized
2026-08-21 10:30:11,145 | INFO | app.websocket.ticket_chat_websocket | [TICKET WS ROUTE] REQUEST RECEIVED | ticket_id=23 | client=Address(host='192.168.1.48', port=60693)
2026-08-21 10:30:11,146 | INFO | app.websocket.ticket_chat_manager | [TICKET WS] CONNECTION REQUEST | ticket_id=23 | client=Address(host='192.168.1.48', port=60693)
2026-08-21 10:30:11,146 | INFO | app.websocket.ticket_chat_manager | [TICKET WS] ACCEPTING CONNECTION | ticket_id=23
2026-08-21 10:30:11,146 | INFO | app.websocket.ticket_chat_manager | [TICKET WS] CONNECTION ESTABLISHED | ticket_id=23 | client=Address(host='192.168.1.48', port=60693) | active_connections=1
2026-08-21 10:30:11,146 | INFO | app.websocket.ticket_chat_websocket | [TICKET WS ROUTE] CONNECTION ESTABLISHED | ticket_id=23 | client=Address(host='192.168.1.48', port=60693)
2026-08-21 10:30:15,832 | WARNING | app.websocket.ticket_chat_websocket | [TICKET WS ROUTE] CLIENT DISCONNECTED | ticket_id=23 | client=Address(host='192.168.1.48', port=60693) | close_code=1005
2026-08-21 10:30:15,844 | INFO | app.websocket.ticket_chat_manager | [TICKET WS] DISCONNECT REQUEST | ticket_id=23 | client=Address(host='192.168.1.48', port=60693)
2026-08-21 10:30:15,844 | INFO | app.websocket.ticket_chat_manager | [TICKET WS] CONNECTION REMOVED | ticket_id=23 | client=Address(host='192.168.1.48', port=60693) | remaining_connections=0
2026-08-21 10:30:15,845 | INFO | app.websocket.ticket_chat_manager | [TICKET WS] EMPTY ROOM REMOVED | ticket_id=23
2026-08-21 12:28:35,063 | INFO | app.websocket.ticket_chat_manager | [TICKET WS] TicketChatManager initialized
2026-08-21 13:38:56,528 | INFO | app.websocket.ticket_chat_manager | [TICKET WS] TicketChatManager initialized
2026-08-21 14:31:07,054 | INFO | app.websocket.ticket_chat_manager | [TICKET WS] TicketChatManager initialized
2026-08-21 14:31:08,002 | INFO | app | ==================================================
2026-08-21 14:31:08,002 | INFO | app | FastAPI application started
2026-08-21 14:31:08,002 | INFO | app | FastAPI server is running
2026-08-21 14:31:08,002 | INFO | app | ==================================================
2026-08-21 14:44:25,465 | INFO | app.websocket.ticket_chat_manager | [TICKET WS] TicketChatManager initialized
2026-08-21 14:44:27,234 | INFO | app | ==================================================
2026-08-21 14:44:27,234 | INFO | app | FastAPI application started
2026-08-21 14:44:27,234 | INFO | app | FastAPI server is running
2026-08-21 14:44:27,241 | INFO | app | ==================================================
2026-08-21 14:46:36,202 | INFO | app.websocket.ticket_chat_manager | [TICKET WS] TicketChatManager initialized
2026-08-21 14:46:38,038 | INFO | app | ==================================================
2026-08-21 14:46:38,038 | INFO | app | FastAPI application started
2026-08-21 14:46:38,045 | INFO | app | FastAPI server is running
2026-08-21 14:46:38,045 | INFO | app | ==================================================
2026-08-21 16:05:05,287 | INFO | app | ============================================================
2026-08-21 16:05:05,287 | INFO | app | FastAPI application starting
2026-08-21 16:05:05,287 | INFO | app | FastAPI logging initialized
2026-08-21 16:05:05,287 | INFO | app | ============================================================
2026-08-21 16:19:13,193 | INFO | app | ============================================================
2026-08-21 16:19:13,194 | INFO | app | FastAPI application starting
2026-08-21 16:19:13,195 | INFO | app | FastAPI logging initialized
2026-08-21 16:19:13,195 | INFO | app | ============================================================
2026-08-21 16:19:13,197 | INFO | app | ============================================================
2026-08-21 16:19:13,197 | INFO | app | FastAPI application started
2026-08-21 16:19:13,198 | INFO | app | Application initialized successfully
2026-08-21 16:19:13,199 | INFO | app | ============================================================
2026-08-21 16:20:26,155 | INFO | app | ============================================================
2026-08-21 16:20:26,155 | INFO | app | FastAPI application starting
2026-08-21 16:20:26,155 | INFO | app | FastAPI logging initialized
2026-08-21 16:20:26,155 | INFO | app | ============================================================
2026-08-21 16:20:26,159 | INFO | app | ============================================================
2026-08-21 16:20:26,159 | INFO | app | FastAPI application started
2026-08-21 16:20:26,159 | INFO | app | Application initialized successfully
2026-08-21 16:20:26,159 | INFO | app | ============================================================
2026-08-21 16:30:47,158 | INFO | app | ============================================================
2026-08-21 16:30:47,158 | INFO | app | FastAPI application starting
2026-08-21 16:30:47,160 | INFO | app | FastAPI logging initialized
2026-08-21 16:30:47,160 | INFO | app | ============================================================
2026-08-21 16:30:47,160 | INFO | app | ============================================================
2026-08-21 16:30:47,160 | INFO | app | FastAPI application started
2026-08-21 16:30:47,160 | INFO | app | Application initialized successfully
2026-08-21 16:30:47,160 | INFO | app | ============================================================
2026-08-21 16:36:51,002 | INFO | app | ============================================================
2026-08-21 16:36:51,004 | INFO | app | FastAPI application starting
2026-08-21 16:36:51,004 | INFO | app | FastAPI logging initialized
2026-08-21 16:36:51,004 | INFO | app | ============================================================
2026-08-21 16:36:51,004 | INFO | app | ============================================================
2026-08-21 16:36:51,004 | INFO | app | FastAPI application started
2026-08-21 16:36:51,006 | INFO | app | Application initialized successfully
2026-08-21 16:36:51,006 | INFO | app | ============================================================
2026-08-21 16:53:59,759 | INFO | app | ============================================================
2026-08-21 16:53:59,759 | INFO | app | FastAPI application starting
2026-08-21 16:53:59,759 | INFO | app | FastAPI logging initialized
2026-08-21 16:53:59,759 | INFO | app | ============================================================
2026-08-21 16:53:59,759 | INFO | app | ============================================================
2026-08-21 16:53:59,759 | INFO | app | FastAPI application started
2026-08-21 16:53:59,759 | INFO | app | Application initialized successfully
2026-08-21 16:53:59,759 | INFO | app | ============================================================
2026-08-22 09:18:59,134 | INFO | app | ============================================================
2026-08-22 09:18:59,136 | INFO | app | FastAPI application starting
2026-08-22 09:18:59,136 | INFO | app | FastAPI logging initialized
2026-08-22 09:18:59,136 | INFO | app | ============================================================
2026-08-22 09:18:59,669 | INFO | app | ============================================================
2026-08-22 09:18:59,669 | INFO | app | FastAPI application started
2026-08-22 09:18:59,669 | INFO | app | Application initialized successfully
2026-08-22 09:18:59,669 | INFO | app | ============================================================
2026-08-22 09:30:14,033 | INFO | app | ============================================================
2026-08-22 09:30:14,033 | INFO | app | FastAPI application starting
2026-08-22 09:30:14,033 | INFO | app | FastAPI logging initialized
2026-08-22 09:30:14,042 | INFO | app | ============================================================
2026-08-22 09:30:14,511 | INFO | app | ============================================================
2026-08-22 09:30:14,511 | INFO | app | FastAPI application started
2026-08-22 09:30:14,516 | INFO | app | Application initialized successfully
2026-08-22 09:30:14,516 | INFO | app | ============================================================
2026-08-22 10:37:55,209 | INFO | app | ============================================================
2026-08-22 10:37:55,209 | INFO | app | FastAPI application starting
2026-08-22 10:37:55,209 | INFO | app | FastAPI logging initialized
2026-08-22 10:37:55,213 | INFO | app | ============================================================
2026-08-22 10:37:55,614 | INFO | app | ============================================================
2026-08-22 10:37:55,616 | INFO | app | FastAPI application started
2026-08-22 10:37:55,616 | INFO | app | Application initialized successfully
2026-08-22 10:37:55,616 | INFO | app | ============================================================
2026-08-22 10:51:58,179 | INFO | app | ============================================================
2026-08-22 10:51:58,179 | INFO | app | FastAPI application starting
2026-08-22 10:51:58,179 | INFO | app | FastAPI logging initialized
2026-08-22 10:51:58,179 | INFO | app | ============================================================
2026-08-22 10:51:58,530 | INFO | app | ============================================================
2026-08-22 10:51:58,530 | INFO | app | FastAPI application started
2026-08-22 10:51:58,530 | INFO | app | Application initialized successfully
2026-08-22 10:51:58,530 | INFO | app | ============================================================
2026-08-22 10:53:20,798 | INFO | app | ============================================================
2026-08-22 10:53:20,798 | INFO | app | FastAPI application starting
2026-08-22 10:53:20,798 | INFO | app | FastAPI logging initialized
2026-08-22 10:53:20,798 | INFO | app | ============================================================
2026-08-22 10:53:21,275 | INFO | app | ============================================================
2026-08-22 10:53:21,275 | INFO | app | FastAPI application started
2026-08-22 10:53:21,281 | INFO | app | Application initialized successfully
2026-08-22 10:53:21,282 | INFO | app | ============================================================
2026-08-22 10:54:15,688 | INFO | app | ============================================================
2026-08-22 10:54:15,690 | INFO | app | FastAPI application starting
2026-08-22 10:54:15,691 | INFO | app | FastAPI logging initialized
2026-08-22 10:54:15,691 | INFO | app | ============================================================
2026-08-22 10:54:16,053 | INFO | app | ============================================================
2026-08-22 10:54:16,053 | INFO | app | FastAPI application started
2026-08-22 10:54:16,055 | INFO | app | Application initialized successfully
2026-08-22 10:54:16,055 | INFO | app | ============================================================
2026-08-22 11:34:46,485 | INFO | app | ============================================================
2026-08-22 11:34:46,485 | INFO | app | FastAPI application starting
2026-08-22 11:34:46,485 | INFO | app | FastAPI logging initialized
2026-08-22 11:34:46,491 | INFO | app | ============================================================
2026-08-22 11:34:46,811 | INFO | app | ============================================================
2026-08-22 11:34:46,811 | INFO | app | FastAPI application started
2026-08-22 11:34:46,811 | INFO | app | Application initialized successfully
2026-08-22 11:34:46,811 | INFO | app | ============================================================
2026-08-22 11:42:32,253 | INFO | app | ============================================================
2026-08-22 11:42:32,253 | INFO | app | FastAPI application starting
2026-08-22 11:42:32,253 | INFO | app | FastAPI logging initialized
2026-08-22 11:42:32,253 | INFO | app | ============================================================
2026-08-22 11:42:32,479 | INFO | app | ============================================================
2026-08-22 11:42:32,479 | INFO | app | FastAPI application started
2026-08-22 11:42:32,479 | INFO | app | Application initialized successfully
2026-08-22 11:42:32,479 | INFO | app | ============================================================
2026-08-22 12:16:30,154 | INFO | app | ============================================================
2026-08-22 12:16:30,154 | INFO | app | FastAPI application starting
2026-08-22 12:16:30,154 | INFO | app | FastAPI logging initialized
2026-08-22 12:16:30,163 | INFO | app | ============================================================
2026-08-22 12:16:30,404 | INFO | app | ============================================================
2026-08-22 12:16:30,404 | INFO | app | FastAPI application started
2026-08-22 12:16:30,404 | INFO | app | Application initialized successfully
2026-08-22 12:16:30,404 | INFO | app | ============================================================
2026-08-22 12:19:15,460 | INFO | app | ============================================================
2026-08-22 12:19:15,460 | INFO | app | FastAPI application starting
2026-08-22 12:19:15,460 | INFO | app | FastAPI logging initialized
2026-08-22 12:19:15,460 | INFO | app | ============================================================
2026-08-22 12:19:15,880 | INFO | app | ============================================================
2026-08-22 12:19:15,880 | INFO | app | FastAPI application started
2026-08-22 12:19:15,880 | INFO | app | Application initialized successfully
2026-08-22 12:19:15,880 | INFO | app | ============================================================
2026-08-22 12:38:59,696 | INFO | app | ============================================================
2026-08-22 12:38:59,696 | INFO | app | FastAPI application starting
2026-08-22 12:38:59,696 | INFO | app | FastAPI logging initialized
2026-08-22 12:38:59,696 | INFO | app | ============================================================
2026-08-22 12:38:59,971 | INFO | app | ============================================================
2026-08-22 12:38:59,971 | INFO | app | FastAPI application started
2026-08-22 12:38:59,971 | INFO | app | Application initialized successfully
2026-08-22 12:38:59,973 | INFO | app | ============================================================
2026-08-22 12:41:53,856 | INFO | app | ============================================================
2026-08-22 12:41:53,856 | INFO | app | FastAPI application starting
2026-08-22 12:41:53,868 | INFO | app | FastAPI logging initialized
2026-08-22 12:41:53,869 | INFO | app | ============================================================
2026-08-22 12:41:54,257 | INFO | app | ============================================================
2026-08-22 12:41:54,257 | INFO | app | FastAPI application started
2026-08-22 12:41:54,257 | INFO | app | Application initialized successfully
2026-08-22 12:41:54,257 | INFO | app | ============================================================
2026-08-22 12:42:52,450 | INFO | app | ============================================================
2026-08-22 12:42:52,450 | INFO | app | FastAPI application starting
2026-08-22 12:42:52,450 | INFO | app | FastAPI logging initialized
2026-08-22 12:42:52,458 | INFO | app | ============================================================
2026-08-22 12:42:52,785 | INFO | app | ============================================================
2026-08-22 12:42:52,785 | INFO | app | FastAPI application started
2026-08-22 12:42:52,785 | INFO | app | Application initialized successfully
2026-08-22 12:42:52,785 | INFO | app | ============================================================
2026-08-24 09:19:42,183 | INFO | app | ============================================================
2026-08-24 09:19:42,183 | INFO | app | FastAPI application starting
2026-08-24 09:19:42,183 | INFO | app | FastAPI logging initialized
2026-08-24 09:19:42,183 | INFO | app | ============================================================
2026-08-24 09:19:47,691 | INFO | app | ============================================================
2026-08-24 09:19:47,691 | INFO | app | FastAPI application started
2026-08-24 09:19:47,691 | INFO | app | Application initialized successfully
2026-08-24 09:19:47,691 | INFO | app | ============================================================
2026-08-24 11:11:06,789 | INFO | app | ============================================================
2026-08-24 11:11:06,789 | INFO | app | FastAPI application starting
2026-08-24 11:11:06,789 | INFO | app | FastAPI logging initialized
2026-08-24 11:11:06,791 | INFO | app | ============================================================
2026-08-24 11:11:15,005 | INFO | app | ============================================================
2026-08-24 11:11:15,005 | INFO | app | FastAPI application started
2026-08-24 11:11:15,005 | INFO | app | Application initialized successfully
2026-08-24 11:11:15,005 | INFO | app | ============================================================
2026-08-24 14:16:28,002 | INFO | app | ============================================================
2026-08-24 14:16:28,002 | INFO | app | FastAPI application starting
2026-08-24 14:16:28,009 | INFO | app | FastAPI logging initialized
2026-08-24 14:16:28,012 | INFO | app | ============================================================
2026-08-24 14:16:29,422 | INFO | app | ============================================================
2026-08-24 14:16:29,422 | INFO | app | FastAPI application started
2026-08-24 14:16:29,422 | INFO | app | Application initialized successfully
2026-08-24 14:16:29,427 | INFO | app | ============================================================
2026-08-24 15:20:01,031 | INFO | app | ============================================================
2026-08-24 15:20:01,031 | INFO | app | FastAPI application starting
2026-08-24 15:20:01,031 | INFO | app | FastAPI logging initialized
2026-08-24 15:20:01,031 | INFO | app | ============================================================
2026-08-24 15:20:01,638 | INFO | app | ============================================================
2026-08-24 15:20:01,638 | INFO | app | FastAPI application started
2026-08-24 15:20:01,638 | INFO | app | Application initialized successfully
2026-08-24 15:20:01,638 | INFO | app | ============================================================
2026-08-24 15:20:48,659 | INFO | app | ============================================================
2026-08-24 15:20:48,659 | INFO | app | FastAPI application starting
2026-08-24 15:20:48,659 | INFO | app | FastAPI logging initialized
2026-08-24 15:20:48,666 | INFO | app | ============================================================
2026-08-24 15:20:55,811 | INFO | app | ============================================================
2026-08-24 15:20:55,811 | INFO | app | FastAPI application started
2026-08-24 15:20:55,811 | INFO | app | Application initialized successfully
2026-08-24 15:20:55,811 | INFO | app | ============================================================
2026-08-24 15:22:21,569 | INFO | app | ============================================================
2026-08-24 15:22:21,569 | INFO | app | FastAPI application starting
2026-08-24 15:22:21,569 | INFO | app | FastAPI logging initialized
2026-08-24 15:22:21,569 | INFO | app | ============================================================
2026-08-24 15:23:07,036 | INFO | app | ============================================================
2026-08-24 15:23:07,036 | INFO | app | FastAPI application started
2026-08-24 15:23:07,036 | INFO | app | Application initialized successfully
2026-08-24 15:23:07,036 | INFO | app | ============================================================
2026-08-24 15:24:20,714 | INFO | app | ============================================================
2026-08-24 15:24:20,714 | INFO | app | FastAPI application starting
2026-08-24 15:24:20,714 | INFO | app | FastAPI logging initialized
2026-08-24 15:24:20,714 | INFO | app | ============================================================
2026-08-24 15:24:37,251 | INFO | app | ============================================================
2026-08-24 15:24:37,251 | INFO | app | FastAPI application started
2026-08-24 15:24:37,251 | INFO | app | Application initialized successfully
2026-08-24 15:24:37,253 | INFO | app | ============================================================
2026-08-24 15:29:36,244 | INFO | app | ============================================================
2026-08-24 15:29:36,244 | INFO | app | FastAPI application starting
2026-08-24 15:29:36,244 | INFO | app | FastAPI logging initialized
2026-08-24 15:29:36,244 | INFO | app | ============================================================
2026-08-24 15:29:36,529 | INFO | app | ============================================================
2026-08-24 15:29:36,531 | INFO | app | FastAPI application started
2026-08-24 15:29:36,531 | INFO | app | Application initialized successfully
2026-08-24 15:29:36,531 | INFO | app | ============================================================
2026-08-24 15:30:04,761 | INFO | app | ============================================================
2026-08-24 15:30:04,761 | INFO | app | FastAPI application starting
2026-08-24 15:30:04,761 | INFO | app | FastAPI logging initialized
2026-08-24 15:30:04,761 | INFO | app | ============================================================
2026-08-24 15:30:05,129 | INFO | app | ============================================================
2026-08-24 15:30:05,129 | INFO | app | FastAPI application started
2026-08-24 15:30:05,144 | INFO | app | Application initialized successfully
2026-08-24 15:30:05,145 | INFO | app | ============================================================
2026-08-24 16:21:12,993 | INFO | app | ============================================================
2026-08-24 16:21:12,995 | INFO | app | FastAPI application starting
2026-08-24 16:21:12,997 | INFO | app | FastAPI logging initialized
2026-08-24 16:21:12,999 | INFO | app | ============================================================
2026-08-24 16:21:13,471 | INFO | app | ============================================================
2026-08-24 16:21:13,471 | INFO | app | FastAPI application started
2026-08-24 16:21:13,471 | INFO | app | Application initialized successfully
2026-08-24 16:21:13,471 | INFO | app | ============================================================
2026-08-24 17:12:20,443 | INFO | app | ============================================================
2026-08-24 17:12:20,443 | INFO | app | FastAPI application starting
2026-08-24 17:12:20,443 | INFO | app | FastAPI logging initialized
2026-08-24 17:12:20,443 | INFO | app | ============================================================
2026-08-24 17:12:21,233 | INFO | app | ============================================================
2026-08-24 17:12:21,242 | INFO | app | FastAPI application started
2026-08-24 17:12:21,242 | INFO | app | Application initialized successfully
2026-08-24 17:12:21,242 | INFO | app | ============================================================
2026-08-25 09:18:55,230 | INFO | app | ============================================================
2026-08-25 09:18:55,230 | INFO | app | FastAPI application starting
2026-08-25 09:18:55,230 | INFO | app | FastAPI logging initialized
2026-08-25 09:18:55,230 | INFO | app | ============================================================
2026-08-25 09:18:55,747 | INFO | app | ============================================================
2026-08-25 09:18:55,747 | INFO | app | FastAPI application started
2026-08-25 09:18:55,747 | INFO | app | Application initialized successfully
2026-08-25 09:18:55,747 | INFO | app | ============================================================
2026-08-25 11:12:21,298 | INFO | app | ============================================================
2026-08-25 11:12:21,298 | INFO | app | FastAPI application starting
2026-08-25 11:12:21,298 | INFO | app | FastAPI logging initialized
2026-08-25 11:12:21,298 | INFO | app | ============================================================
2026-08-25 11:12:21,684 | INFO | app | ============================================================
2026-08-25 11:12:21,684 | INFO | app | FastAPI application started
2026-08-25 11:12:21,684 | INFO | app | Application initialized successfully
2026-08-25 11:12:21,687 | INFO | app | ============================================================
2026-08-25 15:44:28,259 | INFO | app | ============================================================
2026-08-25 15:44:28,259 | INFO | app | FastAPI application starting
2026-08-25 15:44:28,259 | INFO | app | FastAPI logging initialized
2026-08-25 15:44:28,259 | INFO | app | ============================================================
2026-08-25 15:44:28,702 | INFO | app | ============================================================
2026-08-25 15:44:28,702 | INFO | app | FastAPI application started
2026-08-25 15:44:28,702 | INFO | app | Application initialized successfully
2026-08-25 15:44:28,702 | INFO | app | ============================================================
2026-08-25 15:58:43,970 | INFO | app | ============================================================
2026-08-25 15:58:43,971 | INFO | app | FastAPI application starting
2026-08-25 15:58:43,972 | INFO | app | FastAPI logging initialized
2026-08-25 15:58:43,972 | INFO | app | ============================================================
2026-08-25 15:58:44,333 | INFO | app | ============================================================
2026-08-25 15:58:44,333 | INFO | app | FastAPI application started
2026-08-25 15:58:44,334 | INFO | app | Application initialized successfully
2026-08-25 15:58:44,334 | INFO | app | ============================================================
2026-08-25 15:59:11,499 | INFO | app | ============================================================
2026-08-25 15:59:11,499 | INFO | app | FastAPI application starting
2026-08-25 15:59:11,499 | INFO | app | FastAPI logging initialized
2026-08-25 15:59:11,499 | INFO | app | ============================================================
2026-08-25 15:59:11,887 | INFO | app | ============================================================
2026-08-25 15:59:11,887 | INFO | app | FastAPI application started
2026-08-25 15:59:11,887 | INFO | app | Application initialized successfully
2026-08-25 15:59:11,889 | INFO | app | ============================================================
2026-08-25 16:07:23,817 | INFO | app | ============================================================
2026-08-25 16:07:23,817 | INFO | app | FastAPI application starting
2026-08-25 16:07:23,817 | INFO | app | FastAPI logging initialized
2026-08-25 16:07:23,817 | INFO | app | ============================================================
2026-08-25 16:07:24,111 | INFO | app | ============================================================
2026-08-25 16:07:24,112 | INFO | app | FastAPI application started
2026-08-25 16:07:24,112 | INFO | app | Application initialized successfully
2026-08-25 16:07:24,113 | INFO | app | ============================================================
2026-08-25 16:46:53,781 | INFO | app | ============================================================
2026-08-25 16:46:53,782 | INFO | app | FastAPI application starting
2026-08-25 16:46:53,783 | INFO | app | FastAPI logging initialized
2026-08-25 16:46:53,784 | INFO | app | ============================================================
2026-08-25 16:46:54,197 | INFO | app | ============================================================
2026-08-25 16:46:54,197 | INFO | app | FastAPI application started
2026-08-25 16:46:54,209 | INFO | app | Application initialized successfully
2026-08-25 16:46:54,210 | INFO | app | ============================================================
2026-08-25 16:49:23,865 | INFO | app | ============================================================
2026-08-25 16:49:23,865 | INFO | app | FastAPI application starting
2026-08-25 16:49:23,865 | INFO | app | FastAPI logging initialized
2026-08-25 16:49:23,868 | INFO | app | ============================================================
2026-08-25 16:49:24,192 | INFO | app | ============================================================
2026-08-25 16:49:24,192 | INFO | app | FastAPI application started
2026-08-25 16:49:24,192 | INFO | app | Application initialized successfully
2026-08-25 16:49:24,192 | INFO | app | ============================================================
2026-08-25 17:04:00,488 | INFO | app | ============================================================
2026-08-25 17:04:00,493 | INFO | app | FastAPI application starting
2026-08-25 17:04:00,493 | INFO | app | FastAPI logging initialized
2026-08-25 17:04:00,493 | INFO | app | ============================================================
2026-08-25 17:04:00,821 | INFO | app | ============================================================
2026-08-25 17:04:00,821 | INFO | app | FastAPI application started
2026-08-25 17:04:00,821 | INFO | app | Application initialized successfully
2026-08-25 17:04:00,821 | INFO | app | ============================================================
2026-08-25 17:07:30,517 | INFO | app | ============================================================
2026-08-25 17:07:30,517 | INFO | app | FastAPI application starting
2026-08-25 17:07:30,517 | INFO | app | FastAPI logging initialized
2026-08-25 17:07:30,517 | INFO | app | ============================================================
2026-08-25 17:07:31,172 | INFO | app | ============================================================
2026-08-25 17:07:31,172 | INFO | app | FastAPI application started
2026-08-25 17:07:31,172 | INFO | app | Application initialized successfully
2026-08-25 17:07:31,172 | INFO | app | ============================================================
2026-08-25 17:27:24,408 | INFO | app | ============================================================
2026-08-25 17:27:24,424 | INFO | app | FastAPI application starting
2026-08-25 17:27:24,424 | INFO | app | FastAPI logging initialized
2026-08-25 17:27:24,424 | INFO | app | ============================================================
2026-08-25 17:27:25,053 | INFO | app | ============================================================
2026-08-25 17:27:25,053 | INFO | app | FastAPI application started
2026-08-25 17:27:25,053 | INFO | app | Application initialized successfully
2026-08-25 17:27:25,053 | INFO | app | ============================================================
2026-08-25 17:32:18,087 | INFO | app | ============================================================
2026-08-25 17:32:18,087 | INFO | app | FastAPI application starting
2026-08-25 17:32:18,087 | INFO | app | FastAPI logging initialized
2026-08-25 17:32:18,087 | INFO | app | ============================================================
2026-08-25 17:32:18,535 | INFO | app | ============================================================
2026-08-25 17:32:18,537 | INFO | app | FastAPI application started
2026-08-25 17:32:18,537 | INFO | app | Application initialized successfully
2026-08-25 17:32:18,537 | INFO | app | ============================================================
2026-08-25 17:32:50,277 | INFO | app | ============================================================
2026-08-25 17:32:50,277 | INFO | app | FastAPI application starting
2026-08-25 17:32:50,287 | INFO | app | FastAPI logging initialized
2026-08-25 17:32:50,287 | INFO | app | ============================================================
2026-08-25 17:32:50,661 | INFO | app | ============================================================
2026-08-25 17:32:50,661 | INFO | app | FastAPI application started
2026-08-25 17:32:50,661 | INFO | app | Application initialized successfully
2026-08-25 17:32:50,661 | INFO | app | ============================================================
2026-08-26 09:13:53,937 | INFO | app | ============================================================
2026-08-26 09:13:53,937 | INFO | app | FastAPI application starting
2026-08-26 09:13:53,937 | INFO | app | FastAPI logging initialized
2026-08-26 09:13:53,937 | INFO | app | ============================================================
2026-08-26 09:13:54,743 | INFO | app | ============================================================
2026-08-26 09:13:54,745 | INFO | app | FastAPI application started
2026-08-26 09:13:54,745 | INFO | app | Application initialized successfully
2026-08-26 09:13:54,748 | INFO | app | ============================================================
2026-08-26 10:48:22,474 | INFO | app | ============================================================
2026-08-26 10:48:22,474 | INFO | app | FastAPI application starting
2026-08-26 10:48:22,476 | INFO | app | FastAPI logging initialized
2026-08-26 10:48:22,478 | INFO | app | ============================================================
2026-08-26 10:48:22,852 | INFO | app | ============================================================
2026-08-26 10:48:22,852 | INFO | app | FastAPI application started
2026-08-26 10:48:22,852 | INFO | app | Application initialized successfully
2026-08-26 10:48:22,856 | INFO | app | ============================================================
2026-08-26 11:32:21,261 | INFO | app | ============================================================
2026-08-26 11:32:21,263 | INFO | app | FastAPI application starting
2026-08-26 11:32:21,263 | INFO | app | FastAPI logging initialized
2026-08-26 11:32:21,263 | INFO | app | ============================================================
2026-08-26 11:32:21,714 | INFO | app | ============================================================
2026-08-26 11:32:21,714 | INFO | app | FastAPI application started
2026-08-26 11:32:21,714 | INFO | app | Application initialized successfully
2026-08-26 11:32:21,722 | INFO | app | ============================================================
2026-08-26 11:34:44,687 | INFO | app | ============================================================
2026-08-26 11:34:44,687 | INFO | app | FastAPI application starting
2026-08-26 11:34:44,687 | INFO | app | FastAPI logging initialized
2026-08-26 11:34:44,696 | INFO | app | ============================================================
2026-08-26 11:34:45,049 | INFO | app | ============================================================
2026-08-26 11:34:45,062 | INFO | app | FastAPI application started
2026-08-26 11:34:45,062 | INFO | app | Application initialized successfully
2026-08-26 11:34:45,062 | INFO | app | ============================================================
2026-08-26 13:57:57,616 | INFO | app | ============================================================
2026-08-26 13:57:57,616 | INFO | app | FastAPI application starting
2026-08-26 13:57:57,616 | INFO | app | FastAPI logging initialized
2026-08-26 13:57:57,616 | INFO | app | ============================================================
2026-08-26 13:57:58,201 | INFO | app | ============================================================
2026-08-26 13:57:58,201 | INFO | app | FastAPI application started
2026-08-26 13:57:58,201 | INFO | app | Application initialized successfully
2026-08-26 13:57:58,203 | INFO | app | ============================================================
2026-08-26 14:00:47,117 | INFO | app | ============================================================
2026-08-26 14:00:47,117 | INFO | app | FastAPI application starting
2026-08-26 14:00:47,117 | INFO | app | FastAPI logging initialized
2026-08-26 14:00:47,117 | INFO | app | ============================================================
2026-08-26 14:00:47,554 | INFO | app | ============================================================
2026-08-26 14:00:47,554 | INFO | app | FastAPI application started
2026-08-26 14:00:47,554 | INFO | app | Application initialized successfully
2026-08-26 14:00:47,554 | INFO | app | ============================================================
2026-08-26 14:21:50,032 | INFO | app | ============================================================
2026-08-26 14:21:50,032 | INFO | app | FastAPI application starting
2026-08-26 14:21:50,032 | INFO | app | FastAPI logging initialized
2026-08-26 14:21:50,032 | INFO | app | ============================================================
2026-08-26 14:21:50,433 | INFO | app | ============================================================
2026-08-26 14:21:50,433 | INFO | app | FastAPI application started
2026-08-26 14:21:50,433 | INFO | app | Application initialized successfully
2026-08-26 14:21:50,433 | INFO | app | ============================================================
2026-08-26 14:24:01,148 | INFO | app | ============================================================
2026-08-26 14:24:01,148 | INFO | app | FastAPI application starting
2026-08-26 14:24:01,162 | INFO | app | FastAPI logging initialized
2026-08-26 14:24:01,164 | INFO | app | ============================================================
2026-08-26 14:24:01,594 | INFO | app | ============================================================
2026-08-26 14:24:01,597 | INFO | app | FastAPI application started
2026-08-26 14:24:01,597 | INFO | app | Application initialized successfully
2026-08-26 14:24:01,599 | INFO | app | ============================================================
2026-08-26 14:38:34,209 | INFO | app | ============================================================
2026-08-26 14:38:34,209 | INFO | app | FastAPI application starting
2026-08-26 14:38:34,211 | INFO | app | FastAPI logging initialized
2026-08-26 14:38:34,211 | INFO | app | ============================================================
2026-08-26 14:38:34,520 | INFO | app | ============================================================
2026-08-26 14:38:34,520 | INFO | app | FastAPI application started
2026-08-26 14:38:34,520 | INFO | app | Application initialized successfully
2026-08-26 14:38:34,520 | INFO | app | ============================================================
2026-08-26 15:18:56,436 | INFO | app | ============================================================
2026-08-26 15:18:56,444 | INFO | app | FastAPI application starting
2026-08-26 15:18:56,444 | INFO | app | FastAPI logging initialized
2026-08-26 15:18:56,444 | INFO | app | ============================================================
2026-08-26 15:18:56,836 | INFO | app | ============================================================
2026-08-26 15:18:56,836 | INFO | app | FastAPI application started
2026-08-26 15:18:56,836 | INFO | app | Application initialized successfully
2026-08-26 15:18:56,836 | INFO | app | ============================================================
2026-08-26 15:25:31,881 | INFO | app | ============================================================
2026-08-26 15:25:31,881 | INFO | app | FastAPI application starting
2026-08-26 15:25:31,883 | INFO | app | FastAPI logging initialized
2026-08-26 15:25:31,883 | INFO | app | ============================================================
2026-08-26 15:25:32,325 | INFO | app | ============================================================
2026-08-26 15:25:32,325 | INFO | app | FastAPI application started
2026-08-26 15:25:32,325 | INFO | app | Application initialized successfully
2026-08-26 15:25:32,325 | INFO | app | ============================================================
2026-08-26 15:28:05,217 | INFO | app | ============================================================
2026-08-26 15:28:05,217 | INFO | app | FastAPI application starting
2026-08-26 15:28:05,217 | INFO | app | FastAPI logging initialized
2026-08-26 15:28:05,217 | INFO | app | ============================================================
2026-08-26 15:28:05,624 | INFO | app | ============================================================
2026-08-26 15:28:05,624 | INFO | app | FastAPI application started
2026-08-26 15:28:05,624 | INFO | app | Application initialized successfully
2026-08-26 15:28:05,624 | INFO | app | ============================================================
2026-08-26 15:37:26,654 | INFO | app | ============================================================
2026-08-26 15:37:26,656 | INFO | app | FastAPI application starting
2026-08-26 15:37:26,656 | INFO | app | FastAPI logging initialized
2026-08-26 15:37:26,656 | INFO | app | ============================================================
2026-08-26 15:37:27,346 | INFO | app | ============================================================
2026-08-26 15:37:27,346 | INFO | app | FastAPI application started
2026-08-26 15:37:27,349 | INFO | app | Application initialized successfully
2026-08-26 15:37:27,349 | INFO | app | ============================================================
2026-08-26 16:00:02,314 | INFO | app | ============================================================
2026-08-26 16:00:02,316 | INFO | app | FastAPI application starting
2026-08-26 16:00:02,316 | INFO | app | FastAPI logging initialized
2026-08-26 16:00:02,316 | INFO | app | ============================================================
2026-08-26 16:00:02,680 | INFO | app | ============================================================
2026-08-26 16:00:02,685 | INFO | app | FastAPI application started
2026-08-26 16:00:02,685 | INFO | app | Application initialized successfully
2026-08-26 16:00:02,687 | INFO | app | ============================================================
2026-08-26 16:32:56,638 | INFO | app | ============================================================
2026-08-26 16:32:56,648 | INFO | app | FastAPI application starting
2026-08-26 16:32:56,648 | INFO | app | FastAPI logging initialized
2026-08-26 16:32:56,654 | INFO | app | ============================================================
2026-08-26 16:32:57,773 | INFO | app | ============================================================
2026-08-26 16:32:57,773 | INFO | app | FastAPI application started
2026-08-26 16:32:57,773 | INFO | app | Application initialized successfully
2026-08-26 16:32:57,773 | INFO | app | ============================================================
2026-08-26 16:56:05,282 | INFO | app | ============================================================
2026-08-26 16:56:05,282 | INFO | app | FastAPI application starting
2026-08-26 16:56:05,282 | INFO | app | FastAPI logging initialized
2026-08-26 16:56:05,282 | INFO | app | ============================================================
2026-08-26 16:56:05,552 | INFO | app | ============================================================
2026-08-26 16:56:05,552 | INFO | app | FastAPI application started
2026-08-26 16:56:05,552 | INFO | app | Application initialized successfully
2026-08-26 16:56:05,552 | INFO | app | ============================================================
2026-08-26 17:10:55,571 | INFO | app | ============================================================
2026-08-26 17:10:55,571 | INFO | app | FastAPI application starting
2026-08-26 17:10:55,571 | INFO | app | FastAPI logging initialized
2026-08-26 17:10:55,571 | INFO | app | ============================================================
2026-08-26 17:10:56,122 | INFO | app | ============================================================
2026-08-26 17:10:56,122 | INFO | app | FastAPI application started
2026-08-26 17:10:56,122 | INFO | app | Application initialized successfully
2026-08-26 17:10:56,122 | INFO | app | ============================================================
2026-08-26 17:27:00,631 | INFO | app | ============================================================
2026-08-26 17:27:00,631 | INFO | app | FastAPI application starting
2026-08-26 17:27:00,631 | INFO | app | FastAPI logging initialized
2026-08-26 17:27:00,631 | INFO | app | ============================================================
2026-08-26 17:27:01,215 | INFO | app | ============================================================
2026-08-26 17:27:01,215 | INFO | app | FastAPI application started
2026-08-26 17:27:01,215 | INFO | app | Application initialized successfully
2026-08-26 17:27:01,215 | INFO | app | ============================================================
