2026-08-22 09:18:59,493 | INFO | database | [DB HEALTH] Database connection successful | database=asset_db
2026-08-22 09:18:59,573 | INFO | database | [DB HEALTH] Database connection successful | database=task_db
2026-08-22 09:18:59,653 | INFO | database | [DB HEALTH] Database connection successful | database=ticket_db
2026-08-22 09:30:14,281 | INFO | database | [DB HEALTH] Database connection successful | database=asset_db
2026-08-22 09:30:14,376 | INFO | database | [DB HEALTH] Database connection successful | database=task_db
2026-08-22 09:30:14,502 | INFO | database | [DB HEALTH] Database connection successful | database=ticket_db
2026-08-22 10:37:55,477 | INFO | database | [DB HEALTH] Database connection successful | database=asset_db
2026-08-22 10:37:55,548 | INFO | database | [DB HEALTH] Database connection successful | database=task_db
2026-08-22 10:37:55,612 | INFO | database | [DB HEALTH] Database connection successful | database=ticket_db
2026-08-22 10:51:58,370 | INFO | database | [DB HEALTH] Database connection successful | database=asset_db
2026-08-22 10:51:58,455 | INFO | database | [DB HEALTH] Database connection successful | database=task_db
2026-08-22 10:51:58,516 | INFO | database | [DB HEALTH] Database connection successful | database=ticket_db
2026-08-22 10:53:21,148 | INFO | database | [DB HEALTH] Database connection successful | database=asset_db
2026-08-22 10:53:21,215 | INFO | database | [DB HEALTH] Database connection successful | database=task_db
2026-08-22 10:53:21,275 | INFO | database | [DB HEALTH] Database connection successful | database=ticket_db
2026-08-22 10:54:15,919 | INFO | database | [DB HEALTH] Database connection successful | database=asset_db
2026-08-22 10:54:15,983 | INFO | database | [DB HEALTH] Database connection successful | database=task_db
2026-08-22 10:54:16,047 | INFO | database | [DB HEALTH] Database connection successful | database=ticket_db
2026-08-22 11:34:46,687 | INFO | database | [DB HEALTH] Database connection successful | database=asset_db
2026-08-22 11:34:46,754 | INFO | database | [DB HEALTH] Database connection successful | database=task_db
2026-08-22 11:34:46,803 | INFO | database | [DB HEALTH] Database connection successful | database=ticket_db
2026-08-22 11:42:32,359 | INFO | database | [DB HEALTH] Database connection successful | database=asset_db
2026-08-22 11:42:32,418 | INFO | database | [DB HEALTH] Database connection successful | database=task_db
2026-08-22 11:42:32,474 | INFO | database | [DB HEALTH] Database connection successful | database=ticket_db
2026-08-22 12:16:30,281 | INFO | database | [DB HEALTH] Database connection successful | database=asset_db
2026-08-22 12:16:30,346 | INFO | database | [DB HEALTH] Database connection successful | database=task_db
2026-08-22 12:16:30,404 | INFO | database | [DB HEALTH] Database connection successful | database=ticket_db
2026-08-22 12:19:15,761 | INFO | database | [DB HEALTH] Database connection successful | database=asset_db
2026-08-22 12:19:15,825 | INFO | database | [DB HEALTH] Database connection successful | database=task_db
2026-08-22 12:19:15,878 | INFO | database | [DB HEALTH] Database connection successful | database=ticket_db
2026-08-22 12:38:59,853 | INFO | database | [DB HEALTH] Database connection successful | database=asset_db
2026-08-22 12:38:59,900 | INFO | database | [DB HEALTH] Database connection successful | database=task_db
2026-08-22 12:38:59,964 | INFO | database | [DB HEALTH] Database connection successful | database=ticket_db
2026-08-22 12:41:54,080 | INFO | database | [DB HEALTH] Database connection successful | database=asset_db
2026-08-22 12:41:54,174 | INFO | database | [DB HEALTH] Database connection successful | database=task_db
2026-08-22 12:41:54,255 | INFO | database | [DB HEALTH] Database connection successful | database=ticket_db
2026-08-22 12:42:52,673 | INFO | database | [DB HEALTH] Database connection successful | database=asset_db
2026-08-22 12:42:52,737 | INFO | database | [DB HEALTH] Database connection successful | database=task_db
2026-08-22 12:42:52,785 | INFO | database | [DB HEALTH] Database connection successful | database=ticket_db
2026-08-24 09:19:44,672 | INFO | database | [DB HEALTH] Database connection successful | database=asset_db
2026-08-24 09:19:46,790 | INFO | database | [DB HEALTH] Database connection successful | database=task_db
2026-08-24 09:19:47,691 | INFO | database | [DB HEALTH] Database connection successful | database=ticket_db
2026-08-24 11:11:11,151 | INFO | database | [DB HEALTH] Database connection successful | database=asset_db
2026-08-24 11:11:13,001 | INFO | database | [DB HEALTH] Database connection successful | database=task_db
2026-08-24 11:11:15,003 | INFO | database | [DB HEALTH] Database connection successful | database=ticket_db
2026-08-24 14:16:28,546 | INFO | database | [DB HEALTH] Database connection successful | database=asset_db
2026-08-24 14:16:28,952 | INFO | database | [DB HEALTH] Database connection successful | database=task_db
2026-08-24 14:16:29,413 | INFO | database | [DB HEALTH] Database connection successful | database=ticket_db
2026-08-24 15:20:01,190 | ERROR | database | [DB HEALTH] Database connection FAILED | database=asset_db | error=(pyodbc.OperationalError) ('08001', '[08001] [Microsoft][ODBC Driver 18 for SQL Server]SSL Provider: An existing connection was forcibly closed by the remote host.\r\n (10054) (SQLDriverConnect); [08001] [Microsoft][ODBC Driver 18 for SQL Server]Client unable to establish connection (10054)')
(Background on this error at: https://sqlalche.me/e/20/e3q8)
Traceback (most recent call last):
  File "D:\Asset365_10.05-main\backend\env\Lib\site-packages\sqlalchemy\engine\base.py", line 143, in __init__
    self._dbapi_connection = engine.raw_connection()
                             ^^^^^^^^^^^^^^^^^^^^^^^
  File "D:\Asset365_10.05-main\backend\env\Lib\site-packages\sqlalchemy\engine\base.py", line 3317, in raw_connection
    return self.pool.connect()
           ^^^^^^^^^^^^^^^^^^^
  File "D:\Asset365_10.05-main\backend\env\Lib\site-packages\sqlalchemy\pool\base.py", line 448, in connect
    return _ConnectionFairy._checkout(self)
           ^^^^^^^^^^^^^^^^^^^^^^^^^^^^^^^^
  File "D:\Asset365_10.05-main\backend\env\Lib\site-packages\sqlalchemy\pool\base.py", line 1272, in _checkout
    fairy = _ConnectionRecord.checkout(pool)
            ^^^^^^^^^^^^^^^^^^^^^^^^^^^^^^^^
  File "D:\Asset365_10.05-main\backend\env\Lib\site-packages\sqlalchemy\pool\base.py", line 712, in checkout
    rec = pool._do_get()
          ^^^^^^^^^^^^^^
  File "D:\Asset365_10.05-main\backend\env\Lib\site-packages\sqlalchemy\pool\impl.py", line 177, in _do_get
    with util.safe_reraise():
  File "D:\Asset365_10.05-main\backend\env\Lib\site-packages\sqlalchemy\util\langhelpers.py", line 121, in __exit__
    raise exc_value.with_traceback(exc_tb)
  File "D:\Asset365_10.05-main\backend\env\Lib\site-packages\sqlalchemy\pool\impl.py", line 175, in _do_get
    return self._create_connection()
           ^^^^^^^^^^^^^^^^^^^^^^^^^
  File "D:\Asset365_10.05-main\backend\env\Lib\site-packages\sqlalchemy\pool\base.py", line 389, in _create_connection
    return _ConnectionRecord(self)
           ^^^^^^^^^^^^^^^^^^^^^^^
  File "D:\Asset365_10.05-main\backend\env\Lib\site-packages\sqlalchemy\pool\base.py", line 674, in __init__
    self.__connect()
  File "D:\Asset365_10.05-main\backend\env\Lib\site-packages\sqlalchemy\pool\base.py", line 900, in __connect
    with util.safe_reraise():
  File "D:\Asset365_10.05-main\backend\env\Lib\site-packages\sqlalchemy\util\langhelpers.py", line 121, in __exit__
    raise exc_value.with_traceback(exc_tb)
  File "D:\Asset365_10.05-main\backend\env\Lib\site-packages\sqlalchemy\pool\base.py", line 896, in __connect
    self.dbapi_connection = connection = pool._invoke_creator(self)
                                         ^^^^^^^^^^^^^^^^^^^^^^^^^^
  File "D:\Asset365_10.05-main\backend\env\Lib\site-packages\sqlalchemy\engine\create.py", line 661, in connect
    return dialect.connect(*cargs, **cparams)
           ^^^^^^^^^^^^^^^^^^^^^^^^^^^^^^^^^^
  File "D:\Asset365_10.05-main\backend\env\Lib\site-packages\sqlalchemy\engine\default.py", line 630, in connect
    return self.loaded_dbapi.connect(*cargs, **cparams)  # type: ignore[no-any-return]  # NOQA: E501
           ^^^^^^^^^^^^^^^^^^^^^^^^^^^^^^^^^^^^^^^^^^^^
pyodbc.OperationalError: ('08001', '[08001] [Microsoft][ODBC Driver 18 for SQL Server]SSL Provider: An existing connection was forcibly closed by the remote host.\r\n (10054) (SQLDriverConnect); [08001] [Microsoft][ODBC Driver 18 for SQL Server]Client unable to establish connection (10054)')

The above exception was the direct cause of the following exception:

Traceback (most recent call last):
  File "D:\Asset365_10.05-main\backend\app\core\database_health.py", line 23, in check_database_connection
    with engine.connect() as connection:
         ^^^^^^^^^^^^^^^^
  File "D:\Asset365_10.05-main\backend\env\Lib\site-packages\sqlalchemy\engine\base.py", line 3293, in connect
    return self._connection_cls(self)
           ^^^^^^^^^^^^^^^^^^^^^^^^^^
  File "D:\Asset365_10.05-main\backend\env\Lib\site-packages\sqlalchemy\engine\base.py", line 145, in __init__
    Connection._handle_dbapi_exception_noconnection(
  File "D:\Asset365_10.05-main\backend\env\Lib\site-packages\sqlalchemy\engine\base.py", line 2448, in _handle_dbapi_exception_noconnection
    raise sqlalchemy_exception.with_traceback(exc_info[2]) from e
  File "D:\Asset365_10.05-main\backend\env\Lib\site-packages\sqlalchemy\engine\base.py", line 143, in __init__
    self._dbapi_connection = engine.raw_connection()
                             ^^^^^^^^^^^^^^^^^^^^^^^
  File "D:\Asset365_10.05-main\backend\env\Lib\site-packages\sqlalchemy\engine\base.py", line 3317, in raw_connection
    return self.pool.connect()
           ^^^^^^^^^^^^^^^^^^^
  File "D:\Asset365_10.05-main\backend\env\Lib\site-packages\sqlalchemy\pool\base.py", line 448, in connect
    return _ConnectionFairy._checkout(self)
           ^^^^^^^^^^^^^^^^^^^^^^^^^^^^^^^^
  File "D:\Asset365_10.05-main\backend\env\Lib\site-packages\sqlalchemy\pool\base.py", line 1272, in _checkout
    fairy = _ConnectionRecord.checkout(pool)
            ^^^^^^^^^^^^^^^^^^^^^^^^^^^^^^^^
  File "D:\Asset365_10.05-main\backend\env\Lib\site-packages\sqlalchemy\pool\base.py", line 712, in checkout
    rec = pool._do_get()
          ^^^^^^^^^^^^^^
  File "D:\Asset365_10.05-main\backend\env\Lib\site-packages\sqlalchemy\pool\impl.py", line 177, in _do_get
    with util.safe_reraise():
  File "D:\Asset365_10.05-main\backend\env\Lib\site-packages\sqlalchemy\util\langhelpers.py", line 121, in __exit__
    raise exc_value.with_traceback(exc_tb)
  File "D:\Asset365_10.05-main\backend\env\Lib\site-packages\sqlalchemy\pool\impl.py", line 175, in _do_get
    return self._create_connection()
           ^^^^^^^^^^^^^^^^^^^^^^^^^
  File "D:\Asset365_10.05-main\backend\env\Lib\site-packages\sqlalchemy\pool\base.py", line 389, in _create_connection
    return _ConnectionRecord(self)
           ^^^^^^^^^^^^^^^^^^^^^^^
  File "D:\Asset365_10.05-main\backend\env\Lib\site-packages\sqlalchemy\pool\base.py", line 674, in __init__
    self.__connect()
  File "D:\Asset365_10.05-main\backend\env\Lib\site-packages\sqlalchemy\pool\base.py", line 900, in __connect
    with util.safe_reraise():
  File "D:\Asset365_10.05-main\backend\env\Lib\site-packages\sqlalchemy\util\langhelpers.py", line 121, in __exit__
    raise exc_value.with_traceback(exc_tb)
  File "D:\Asset365_10.05-main\backend\env\Lib\site-packages\sqlalchemy\pool\base.py", line 896, in __connect
    self.dbapi_connection = connection = pool._invoke_creator(self)
                                         ^^^^^^^^^^^^^^^^^^^^^^^^^^
  File "D:\Asset365_10.05-main\backend\env\Lib\site-packages\sqlalchemy\engine\create.py", line 661, in connect
    return dialect.connect(*cargs, **cparams)
           ^^^^^^^^^^^^^^^^^^^^^^^^^^^^^^^^^^
  File "D:\Asset365_10.05-main\backend\env\Lib\site-packages\sqlalchemy\engine\default.py", line 630, in connect
    return self.loaded_dbapi.connect(*cargs, **cparams)  # type: ignore[no-any-return]  # NOQA: E501
           ^^^^^^^^^^^^^^^^^^^^^^^^^^^^^^^^^^^^^^^^^^^^
sqlalchemy.exc.OperationalError: (pyodbc.OperationalError) ('08001', '[08001] [Microsoft][ODBC Driver 18 for SQL Server]SSL Provider: An existing connection was forcibly closed by the remote host.\r\n (10054) (SQLDriverConnect); [08001] [Microsoft][ODBC Driver 18 for SQL Server]Client unable to establish connection (10054)')
(Background on this error at: https://sqlalche.me/e/20/e3q8)
2026-08-24 15:20:01,537 | ERROR | database | [DB HEALTH] Database connection FAILED | database=task_db | error=(pyodbc.OperationalError) ('08001', '[08001] [Microsoft][ODBC Driver 18 for SQL Server]SSL Provider: An existing connection was forcibly closed by the remote host.\r\n (10054) (SQLDriverConnect); [08001] [Microsoft][ODBC Driver 18 for SQL Server]Client unable to establish connection (10054)')
(Background on this error at: https://sqlalche.me/e/20/e3q8)
Traceback (most recent call last):
  File "D:\Asset365_10.05-main\backend\env\Lib\site-packages\sqlalchemy\engine\base.py", line 143, in __init__
    self._dbapi_connection = engine.raw_connection()
                             ^^^^^^^^^^^^^^^^^^^^^^^
  File "D:\Asset365_10.05-main\backend\env\Lib\site-packages\sqlalchemy\engine\base.py", line 3317, in raw_connection
    return self.pool.connect()
           ^^^^^^^^^^^^^^^^^^^
  File "D:\Asset365_10.05-main\backend\env\Lib\site-packages\sqlalchemy\pool\base.py", line 448, in connect
    return _ConnectionFairy._checkout(self)
           ^^^^^^^^^^^^^^^^^^^^^^^^^^^^^^^^
  File "D:\Asset365_10.05-main\backend\env\Lib\site-packages\sqlalchemy\pool\base.py", line 1272, in _checkout
    fairy = _ConnectionRecord.checkout(pool)
            ^^^^^^^^^^^^^^^^^^^^^^^^^^^^^^^^
  File "D:\Asset365_10.05-main\backend\env\Lib\site-packages\sqlalchemy\pool\base.py", line 712, in checkout
    rec = pool._do_get()
          ^^^^^^^^^^^^^^
  File "D:\Asset365_10.05-main\backend\env\Lib\site-packages\sqlalchemy\pool\impl.py", line 177, in _do_get
    with util.safe_reraise():
  File "D:\Asset365_10.05-main\backend\env\Lib\site-packages\sqlalchemy\util\langhelpers.py", line 121, in __exit__
    raise exc_value.with_traceback(exc_tb)
  File "D:\Asset365_10.05-main\backend\env\Lib\site-packages\sqlalchemy\pool\impl.py", line 175, in _do_get
    return self._create_connection()
           ^^^^^^^^^^^^^^^^^^^^^^^^^
  File "D:\Asset365_10.05-main\backend\env\Lib\site-packages\sqlalchemy\pool\base.py", line 389, in _create_connection
    return _ConnectionRecord(self)
           ^^^^^^^^^^^^^^^^^^^^^^^
  File "D:\Asset365_10.05-main\backend\env\Lib\site-packages\sqlalchemy\pool\base.py", line 674, in __init__
    self.__connect()
  File "D:\Asset365_10.05-main\backend\env\Lib\site-packages\sqlalchemy\pool\base.py", line 900, in __connect
    with util.safe_reraise():
  File "D:\Asset365_10.05-main\backend\env\Lib\site-packages\sqlalchemy\util\langhelpers.py", line 121, in __exit__
    raise exc_value.with_traceback(exc_tb)
  File "D:\Asset365_10.05-main\backend\env\Lib\site-packages\sqlalchemy\pool\base.py", line 896, in __connect
    self.dbapi_connection = connection = pool._invoke_creator(self)
                                         ^^^^^^^^^^^^^^^^^^^^^^^^^^
  File "D:\Asset365_10.05-main\backend\env\Lib\site-packages\sqlalchemy\engine\create.py", line 661, in connect
    return dialect.connect(*cargs, **cparams)
           ^^^^^^^^^^^^^^^^^^^^^^^^^^^^^^^^^^
  File "D:\Asset365_10.05-main\backend\env\Lib\site-packages\sqlalchemy\engine\default.py", line 630, in connect
    return self.loaded_dbapi.connect(*cargs, **cparams)  # type: ignore[no-any-return]  # NOQA: E501
           ^^^^^^^^^^^^^^^^^^^^^^^^^^^^^^^^^^^^^^^^^^^^
pyodbc.OperationalError: ('08001', '[08001] [Microsoft][ODBC Driver 18 for SQL Server]SSL Provider: An existing connection was forcibly closed by the remote host.\r\n (10054) (SQLDriverConnect); [08001] [Microsoft][ODBC Driver 18 for SQL Server]Client unable to establish connection (10054)')

The above exception was the direct cause of the following exception:

Traceback (most recent call last):
  File "D:\Asset365_10.05-main\backend\app\core\database_health.py", line 23, in check_database_connection
    with engine.connect() as connection:
         ^^^^^^^^^^^^^^^^
  File "D:\Asset365_10.05-main\backend\env\Lib\site-packages\sqlalchemy\engine\base.py", line 3293, in connect
    return self._connection_cls(self)
           ^^^^^^^^^^^^^^^^^^^^^^^^^^
  File "D:\Asset365_10.05-main\backend\env\Lib\site-packages\sqlalchemy\engine\base.py", line 145, in __init__
    Connection._handle_dbapi_exception_noconnection(
  File "D:\Asset365_10.05-main\backend\env\Lib\site-packages\sqlalchemy\engine\base.py", line 2448, in _handle_dbapi_exception_noconnection
    raise sqlalchemy_exception.with_traceback(exc_info[2]) from e
  File "D:\Asset365_10.05-main\backend\env\Lib\site-packages\sqlalchemy\engine\base.py", line 143, in __init__
    self._dbapi_connection = engine.raw_connection()
                             ^^^^^^^^^^^^^^^^^^^^^^^
  File "D:\Asset365_10.05-main\backend\env\Lib\site-packages\sqlalchemy\engine\base.py", line 3317, in raw_connection
    return self.pool.connect()
           ^^^^^^^^^^^^^^^^^^^
  File "D:\Asset365_10.05-main\backend\env\Lib\site-packages\sqlalchemy\pool\base.py", line 448, in connect
    return _ConnectionFairy._checkout(self)
           ^^^^^^^^^^^^^^^^^^^^^^^^^^^^^^^^
  File "D:\Asset365_10.05-main\backend\env\Lib\site-packages\sqlalchemy\pool\base.py", line 1272, in _checkout
    fairy = _ConnectionRecord.checkout(pool)
            ^^^^^^^^^^^^^^^^^^^^^^^^^^^^^^^^
  File "D:\Asset365_10.05-main\backend\env\Lib\site-packages\sqlalchemy\pool\base.py", line 712, in checkout
    rec = pool._do_get()
          ^^^^^^^^^^^^^^
  File "D:\Asset365_10.05-main\backend\env\Lib\site-packages\sqlalchemy\pool\impl.py", line 177, in _do_get
    with util.safe_reraise():
  File "D:\Asset365_10.05-main\backend\env\Lib\site-packages\sqlalchemy\util\langhelpers.py", line 121, in __exit__
    raise exc_value.with_traceback(exc_tb)
  File "D:\Asset365_10.05-main\backend\env\Lib\site-packages\sqlalchemy\pool\impl.py", line 175, in _do_get
    return self._create_connection()
           ^^^^^^^^^^^^^^^^^^^^^^^^^
  File "D:\Asset365_10.05-main\backend\env\Lib\site-packages\sqlalchemy\pool\base.py", line 389, in _create_connection
    return _ConnectionRecord(self)
           ^^^^^^^^^^^^^^^^^^^^^^^
  File "D:\Asset365_10.05-main\backend\env\Lib\site-packages\sqlalchemy\pool\base.py", line 674, in __init__
    self.__connect()
  File "D:\Asset365_10.05-main\backend\env\Lib\site-packages\sqlalchemy\pool\base.py", line 900, in __connect
    with util.safe_reraise():
  File "D:\Asset365_10.05-main\backend\env\Lib\site-packages\sqlalchemy\util\langhelpers.py", line 121, in __exit__
    raise exc_value.with_traceback(exc_tb)
  File "D:\Asset365_10.05-main\backend\env\Lib\site-packages\sqlalchemy\pool\base.py", line 896, in __connect
    self.dbapi_connection = connection = pool._invoke_creator(self)
                                         ^^^^^^^^^^^^^^^^^^^^^^^^^^
  File "D:\Asset365_10.05-main\backend\env\Lib\site-packages\sqlalchemy\engine\create.py", line 661, in connect
    return dialect.connect(*cargs, **cparams)
           ^^^^^^^^^^^^^^^^^^^^^^^^^^^^^^^^^^
  File "D:\Asset365_10.05-main\backend\env\Lib\site-packages\sqlalchemy\engine\default.py", line 630, in connect
    return self.loaded_dbapi.connect(*cargs, **cparams)  # type: ignore[no-any-return]  # NOQA: E501
           ^^^^^^^^^^^^^^^^^^^^^^^^^^^^^^^^^^^^^^^^^^^^
sqlalchemy.exc.OperationalError: (pyodbc.OperationalError) ('08001', '[08001] [Microsoft][ODBC Driver 18 for SQL Server]SSL Provider: An existing connection was forcibly closed by the remote host.\r\n (10054) (SQLDriverConnect); [08001] [Microsoft][ODBC Driver 18 for SQL Server]Client unable to establish connection (10054)')
(Background on this error at: https://sqlalche.me/e/20/e3q8)
2026-08-24 15:20:01,638 | ERROR | database | [DB HEALTH] Database connection FAILED | database=ticket_db | error=(pyodbc.OperationalError) ('08001', '[08001] [Microsoft][ODBC Driver 18 for SQL Server]SSL Provider: An existing connection was forcibly closed by the remote host.\r\n (10054) (SQLDriverConnect); [08001] [Microsoft][ODBC Driver 18 for SQL Server]Client unable to establish connection (10054)')
(Background on this error at: https://sqlalche.me/e/20/e3q8)
Traceback (most recent call last):
  File "D:\Asset365_10.05-main\backend\env\Lib\site-packages\sqlalchemy\engine\base.py", line 143, in __init__
    self._dbapi_connection = engine.raw_connection()
                             ^^^^^^^^^^^^^^^^^^^^^^^
  File "D:\Asset365_10.05-main\backend\env\Lib\site-packages\sqlalchemy\engine\base.py", line 3317, in raw_connection
    return self.pool.connect()
           ^^^^^^^^^^^^^^^^^^^
  File "D:\Asset365_10.05-main\backend\env\Lib\site-packages\sqlalchemy\pool\base.py", line 448, in connect
    return _ConnectionFairy._checkout(self)
           ^^^^^^^^^^^^^^^^^^^^^^^^^^^^^^^^
  File "D:\Asset365_10.05-main\backend\env\Lib\site-packages\sqlalchemy\pool\base.py", line 1272, in _checkout
    fairy = _ConnectionRecord.checkout(pool)
            ^^^^^^^^^^^^^^^^^^^^^^^^^^^^^^^^
  File "D:\Asset365_10.05-main\backend\env\Lib\site-packages\sqlalchemy\pool\base.py", line 712, in checkout
    rec = pool._do_get()
          ^^^^^^^^^^^^^^
  File "D:\Asset365_10.05-main\backend\env\Lib\site-packages\sqlalchemy\pool\impl.py", line 177, in _do_get
    with util.safe_reraise():
  File "D:\Asset365_10.05-main\backend\env\Lib\site-packages\sqlalchemy\util\langhelpers.py", line 121, in __exit__
    raise exc_value.with_traceback(exc_tb)
  File "D:\Asset365_10.05-main\backend\env\Lib\site-packages\sqlalchemy\pool\impl.py", line 175, in _do_get
    return self._create_connection()
           ^^^^^^^^^^^^^^^^^^^^^^^^^
  File "D:\Asset365_10.05-main\backend\env\Lib\site-packages\sqlalchemy\pool\base.py", line 389, in _create_connection
    return _ConnectionRecord(self)
           ^^^^^^^^^^^^^^^^^^^^^^^
  File "D:\Asset365_10.05-main\backend\env\Lib\site-packages\sqlalchemy\pool\base.py", line 674, in __init__
    self.__connect()
  File "D:\Asset365_10.05-main\backend\env\Lib\site-packages\sqlalchemy\pool\base.py", line 900, in __connect
    with util.safe_reraise():
  File "D:\Asset365_10.05-main\backend\env\Lib\site-packages\sqlalchemy\util\langhelpers.py", line 121, in __exit__
    raise exc_value.with_traceback(exc_tb)
  File "D:\Asset365_10.05-main\backend\env\Lib\site-packages\sqlalchemy\pool\base.py", line 896, in __connect
    self.dbapi_connection = connection = pool._invoke_creator(self)
                                         ^^^^^^^^^^^^^^^^^^^^^^^^^^
  File "D:\Asset365_10.05-main\backend\env\Lib\site-packages\sqlalchemy\engine\create.py", line 661, in connect
    return dialect.connect(*cargs, **cparams)
           ^^^^^^^^^^^^^^^^^^^^^^^^^^^^^^^^^^
  File "D:\Asset365_10.05-main\backend\env\Lib\site-packages\sqlalchemy\engine\default.py", line 630, in connect
    return self.loaded_dbapi.connect(*cargs, **cparams)  # type: ignore[no-any-return]  # NOQA: E501
           ^^^^^^^^^^^^^^^^^^^^^^^^^^^^^^^^^^^^^^^^^^^^
pyodbc.OperationalError: ('08001', '[08001] [Microsoft][ODBC Driver 18 for SQL Server]SSL Provider: An existing connection was forcibly closed by the remote host.\r\n (10054) (SQLDriverConnect); [08001] [Microsoft][ODBC Driver 18 for SQL Server]Client unable to establish connection (10054)')

The above exception was the direct cause of the following exception:

Traceback (most recent call last):
  File "D:\Asset365_10.05-main\backend\app\core\database_health.py", line 23, in check_database_connection
    with engine.connect() as connection:
         ^^^^^^^^^^^^^^^^
  File "D:\Asset365_10.05-main\backend\env\Lib\site-packages\sqlalchemy\engine\base.py", line 3293, in connect
    return self._connection_cls(self)
           ^^^^^^^^^^^^^^^^^^^^^^^^^^
  File "D:\Asset365_10.05-main\backend\env\Lib\site-packages\sqlalchemy\engine\base.py", line 145, in __init__
    Connection._handle_dbapi_exception_noconnection(
  File "D:\Asset365_10.05-main\backend\env\Lib\site-packages\sqlalchemy\engine\base.py", line 2448, in _handle_dbapi_exception_noconnection
    raise sqlalchemy_exception.with_traceback(exc_info[2]) from e
  File "D:\Asset365_10.05-main\backend\env\Lib\site-packages\sqlalchemy\engine\base.py", line 143, in __init__
    self._dbapi_connection = engine.raw_connection()
                             ^^^^^^^^^^^^^^^^^^^^^^^
  File "D:\Asset365_10.05-main\backend\env\Lib\site-packages\sqlalchemy\engine\base.py", line 3317, in raw_connection
    return self.pool.connect()
           ^^^^^^^^^^^^^^^^^^^
  File "D:\Asset365_10.05-main\backend\env\Lib\site-packages\sqlalchemy\pool\base.py", line 448, in connect
    return _ConnectionFairy._checkout(self)
           ^^^^^^^^^^^^^^^^^^^^^^^^^^^^^^^^
  File "D:\Asset365_10.05-main\backend\env\Lib\site-packages\sqlalchemy\pool\base.py", line 1272, in _checkout
    fairy = _ConnectionRecord.checkout(pool)
            ^^^^^^^^^^^^^^^^^^^^^^^^^^^^^^^^
  File "D:\Asset365_10.05-main\backend\env\Lib\site-packages\sqlalchemy\pool\base.py", line 712, in checkout
    rec = pool._do_get()
          ^^^^^^^^^^^^^^
  File "D:\Asset365_10.05-main\backend\env\Lib\site-packages\sqlalchemy\pool\impl.py", line 177, in _do_get
    with util.safe_reraise():
  File "D:\Asset365_10.05-main\backend\env\Lib\site-packages\sqlalchemy\util\langhelpers.py", line 121, in __exit__
    raise exc_value.with_traceback(exc_tb)
  File "D:\Asset365_10.05-main\backend\env\Lib\site-packages\sqlalchemy\pool\impl.py", line 175, in _do_get
    return self._create_connection()
           ^^^^^^^^^^^^^^^^^^^^^^^^^
  File "D:\Asset365_10.05-main\backend\env\Lib\site-packages\sqlalchemy\pool\base.py", line 389, in _create_connection
    return _ConnectionRecord(self)
           ^^^^^^^^^^^^^^^^^^^^^^^
  File "D:\Asset365_10.05-main\backend\env\Lib\site-packages\sqlalchemy\pool\base.py", line 674, in __init__
    self.__connect()
  File "D:\Asset365_10.05-main\backend\env\Lib\site-packages\sqlalchemy\pool\base.py", line 900, in __connect
    with util.safe_reraise():
  File "D:\Asset365_10.05-main\backend\env\Lib\site-packages\sqlalchemy\util\langhelpers.py", line 121, in __exit__
    raise exc_value.with_traceback(exc_tb)
  File "D:\Asset365_10.05-main\backend\env\Lib\site-packages\sqlalchemy\pool\base.py", line 896, in __connect
    self.dbapi_connection = connection = pool._invoke_creator(self)
                                         ^^^^^^^^^^^^^^^^^^^^^^^^^^
  File "D:\Asset365_10.05-main\backend\env\Lib\site-packages\sqlalchemy\engine\create.py", line 661, in connect
    return dialect.connect(*cargs, **cparams)
           ^^^^^^^^^^^^^^^^^^^^^^^^^^^^^^^^^^
  File "D:\Asset365_10.05-main\backend\env\Lib\site-packages\sqlalchemy\engine\default.py", line 630, in connect
    return self.loaded_dbapi.connect(*cargs, **cparams)  # type: ignore[no-any-return]  # NOQA: E501
           ^^^^^^^^^^^^^^^^^^^^^^^^^^^^^^^^^^^^^^^^^^^^
sqlalchemy.exc.OperationalError: (pyodbc.OperationalError) ('08001', '[08001] [Microsoft][ODBC Driver 18 for SQL Server]SSL Provider: An existing connection was forcibly closed by the remote host.\r\n (10054) (SQLDriverConnect); [08001] [Microsoft][ODBC Driver 18 for SQL Server]Client unable to establish connection (10054)')
(Background on this error at: https://sqlalche.me/e/20/e3q8)
2026-08-24 15:20:53,817 | ERROR | database | [DB HEALTH] Database connection FAILED | database=asset_db | error=(pyodbc.OperationalError) ('08001', '[08001] [Microsoft][ODBC Driver 18 for SQL Server]SSL Provider: An existing connection was forcibly closed by the remote host.\r\n (10054) (SQLDriverConnect); [08001] [Microsoft][ODBC Driver 18 for SQL Server]Client unable to establish connection (10054)')
(Background on this error at: https://sqlalche.me/e/20/e3q8)
Traceback (most recent call last):
  File "D:\Asset365_10.05-main\backend\env\Lib\site-packages\sqlalchemy\engine\base.py", line 143, in __init__
    self._dbapi_connection = engine.raw_connection()
                             ^^^^^^^^^^^^^^^^^^^^^^^
  File "D:\Asset365_10.05-main\backend\env\Lib\site-packages\sqlalchemy\engine\base.py", line 3317, in raw_connection
    return self.pool.connect()
           ^^^^^^^^^^^^^^^^^^^
  File "D:\Asset365_10.05-main\backend\env\Lib\site-packages\sqlalchemy\pool\base.py", line 448, in connect
    return _ConnectionFairy._checkout(self)
           ^^^^^^^^^^^^^^^^^^^^^^^^^^^^^^^^
  File "D:\Asset365_10.05-main\backend\env\Lib\site-packages\sqlalchemy\pool\base.py", line 1272, in _checkout
    fairy = _ConnectionRecord.checkout(pool)
            ^^^^^^^^^^^^^^^^^^^^^^^^^^^^^^^^
  File "D:\Asset365_10.05-main\backend\env\Lib\site-packages\sqlalchemy\pool\base.py", line 712, in checkout
    rec = pool._do_get()
          ^^^^^^^^^^^^^^
  File "D:\Asset365_10.05-main\backend\env\Lib\site-packages\sqlalchemy\pool\impl.py", line 177, in _do_get
    with util.safe_reraise():
  File "D:\Asset365_10.05-main\backend\env\Lib\site-packages\sqlalchemy\util\langhelpers.py", line 121, in __exit__
    raise exc_value.with_traceback(exc_tb)
  File "D:\Asset365_10.05-main\backend\env\Lib\site-packages\sqlalchemy\pool\impl.py", line 175, in _do_get
    return self._create_connection()
           ^^^^^^^^^^^^^^^^^^^^^^^^^
  File "D:\Asset365_10.05-main\backend\env\Lib\site-packages\sqlalchemy\pool\base.py", line 389, in _create_connection
    return _ConnectionRecord(self)
           ^^^^^^^^^^^^^^^^^^^^^^^
  File "D:\Asset365_10.05-main\backend\env\Lib\site-packages\sqlalchemy\pool\base.py", line 674, in __init__
    self.__connect()
  File "D:\Asset365_10.05-main\backend\env\Lib\site-packages\sqlalchemy\pool\base.py", line 900, in __connect
    with util.safe_reraise():
  File "D:\Asset365_10.05-main\backend\env\Lib\site-packages\sqlalchemy\util\langhelpers.py", line 121, in __exit__
    raise exc_value.with_traceback(exc_tb)
  File "D:\Asset365_10.05-main\backend\env\Lib\site-packages\sqlalchemy\pool\base.py", line 896, in __connect
    self.dbapi_connection = connection = pool._invoke_creator(self)
                                         ^^^^^^^^^^^^^^^^^^^^^^^^^^
  File "D:\Asset365_10.05-main\backend\env\Lib\site-packages\sqlalchemy\engine\create.py", line 661, in connect
    return dialect.connect(*cargs, **cparams)
           ^^^^^^^^^^^^^^^^^^^^^^^^^^^^^^^^^^
  File "D:\Asset365_10.05-main\backend\env\Lib\site-packages\sqlalchemy\engine\default.py", line 630, in connect
    return self.loaded_dbapi.connect(*cargs, **cparams)  # type: ignore[no-any-return]  # NOQA: E501
           ^^^^^^^^^^^^^^^^^^^^^^^^^^^^^^^^^^^^^^^^^^^^
pyodbc.OperationalError: ('08001', '[08001] [Microsoft][ODBC Driver 18 for SQL Server]SSL Provider: An existing connection was forcibly closed by the remote host.\r\n (10054) (SQLDriverConnect); [08001] [Microsoft][ODBC Driver 18 for SQL Server]Client unable to establish connection (10054)')

The above exception was the direct cause of the following exception:

Traceback (most recent call last):
  File "D:\Asset365_10.05-main\backend\app\core\database_health.py", line 23, in check_database_connection
    with engine.connect() as connection:
         ^^^^^^^^^^^^^^^^
  File "D:\Asset365_10.05-main\backend\env\Lib\site-packages\sqlalchemy\engine\base.py", line 3293, in connect
    return self._connection_cls(self)
           ^^^^^^^^^^^^^^^^^^^^^^^^^^
  File "D:\Asset365_10.05-main\backend\env\Lib\site-packages\sqlalchemy\engine\base.py", line 145, in __init__
    Connection._handle_dbapi_exception_noconnection(
  File "D:\Asset365_10.05-main\backend\env\Lib\site-packages\sqlalchemy\engine\base.py", line 2448, in _handle_dbapi_exception_noconnection
    raise sqlalchemy_exception.with_traceback(exc_info[2]) from e
  File "D:\Asset365_10.05-main\backend\env\Lib\site-packages\sqlalchemy\engine\base.py", line 143, in __init__
    self._dbapi_connection = engine.raw_connection()
                             ^^^^^^^^^^^^^^^^^^^^^^^
  File "D:\Asset365_10.05-main\backend\env\Lib\site-packages\sqlalchemy\engine\base.py", line 3317, in raw_connection
    return self.pool.connect()
           ^^^^^^^^^^^^^^^^^^^
  File "D:\Asset365_10.05-main\backend\env\Lib\site-packages\sqlalchemy\pool\base.py", line 448, in connect
    return _ConnectionFairy._checkout(self)
           ^^^^^^^^^^^^^^^^^^^^^^^^^^^^^^^^
  File "D:\Asset365_10.05-main\backend\env\Lib\site-packages\sqlalchemy\pool\base.py", line 1272, in _checkout
    fairy = _ConnectionRecord.checkout(pool)
            ^^^^^^^^^^^^^^^^^^^^^^^^^^^^^^^^
  File "D:\Asset365_10.05-main\backend\env\Lib\site-packages\sqlalchemy\pool\base.py", line 712, in checkout
    rec = pool._do_get()
          ^^^^^^^^^^^^^^
  File "D:\Asset365_10.05-main\backend\env\Lib\site-packages\sqlalchemy\pool\impl.py", line 177, in _do_get
    with util.safe_reraise():
  File "D:\Asset365_10.05-main\backend\env\Lib\site-packages\sqlalchemy\util\langhelpers.py", line 121, in __exit__
    raise exc_value.with_traceback(exc_tb)
  File "D:\Asset365_10.05-main\backend\env\Lib\site-packages\sqlalchemy\pool\impl.py", line 175, in _do_get
    return self._create_connection()
           ^^^^^^^^^^^^^^^^^^^^^^^^^
  File "D:\Asset365_10.05-main\backend\env\Lib\site-packages\sqlalchemy\pool\base.py", line 389, in _create_connection
    return _ConnectionRecord(self)
           ^^^^^^^^^^^^^^^^^^^^^^^
  File "D:\Asset365_10.05-main\backend\env\Lib\site-packages\sqlalchemy\pool\base.py", line 674, in __init__
    self.__connect()
  File "D:\Asset365_10.05-main\backend\env\Lib\site-packages\sqlalchemy\pool\base.py", line 900, in __connect
    with util.safe_reraise():
  File "D:\Asset365_10.05-main\backend\env\Lib\site-packages\sqlalchemy\util\langhelpers.py", line 121, in __exit__
    raise exc_value.with_traceback(exc_tb)
  File "D:\Asset365_10.05-main\backend\env\Lib\site-packages\sqlalchemy\pool\base.py", line 896, in __connect
    self.dbapi_connection = connection = pool._invoke_creator(self)
                                         ^^^^^^^^^^^^^^^^^^^^^^^^^^
  File "D:\Asset365_10.05-main\backend\env\Lib\site-packages\sqlalchemy\engine\create.py", line 661, in connect
    return dialect.connect(*cargs, **cparams)
           ^^^^^^^^^^^^^^^^^^^^^^^^^^^^^^^^^^
  File "D:\Asset365_10.05-main\backend\env\Lib\site-packages\sqlalchemy\engine\default.py", line 630, in connect
    return self.loaded_dbapi.connect(*cargs, **cparams)  # type: ignore[no-any-return]  # NOQA: E501
           ^^^^^^^^^^^^^^^^^^^^^^^^^^^^^^^^^^^^^^^^^^^^
sqlalchemy.exc.OperationalError: (pyodbc.OperationalError) ('08001', '[08001] [Microsoft][ODBC Driver 18 for SQL Server]SSL Provider: An existing connection was forcibly closed by the remote host.\r\n (10054) (SQLDriverConnect); [08001] [Microsoft][ODBC Driver 18 for SQL Server]Client unable to establish connection (10054)')
(Background on this error at: https://sqlalche.me/e/20/e3q8)
2026-08-24 15:20:54,831 | ERROR | database | [DB HEALTH] Database connection FAILED | database=task_db | error=(pyodbc.OperationalError) ('08001', '[08001] [Microsoft][ODBC Driver 18 for SQL Server]SSL Provider: An existing connection was forcibly closed by the remote host.\r\n (10054) (SQLDriverConnect); [08001] [Microsoft][ODBC Driver 18 for SQL Server]Client unable to establish connection (10054)')
(Background on this error at: https://sqlalche.me/e/20/e3q8)
Traceback (most recent call last):
  File "D:\Asset365_10.05-main\backend\env\Lib\site-packages\sqlalchemy\engine\base.py", line 143, in __init__
    self._dbapi_connection = engine.raw_connection()
                             ^^^^^^^^^^^^^^^^^^^^^^^
  File "D:\Asset365_10.05-main\backend\env\Lib\site-packages\sqlalchemy\engine\base.py", line 3317, in raw_connection
    return self.pool.connect()
           ^^^^^^^^^^^^^^^^^^^
  File "D:\Asset365_10.05-main\backend\env\Lib\site-packages\sqlalchemy\pool\base.py", line 448, in connect
    return _ConnectionFairy._checkout(self)
           ^^^^^^^^^^^^^^^^^^^^^^^^^^^^^^^^
  File "D:\Asset365_10.05-main\backend\env\Lib\site-packages\sqlalchemy\pool\base.py", line 1272, in _checkout
    fairy = _ConnectionRecord.checkout(pool)
            ^^^^^^^^^^^^^^^^^^^^^^^^^^^^^^^^
  File "D:\Asset365_10.05-main\backend\env\Lib\site-packages\sqlalchemy\pool\base.py", line 712, in checkout
    rec = pool._do_get()
          ^^^^^^^^^^^^^^
  File "D:\Asset365_10.05-main\backend\env\Lib\site-packages\sqlalchemy\pool\impl.py", line 177, in _do_get
    with util.safe_reraise():
  File "D:\Asset365_10.05-main\backend\env\Lib\site-packages\sqlalchemy\util\langhelpers.py", line 121, in __exit__
    raise exc_value.with_traceback(exc_tb)
  File "D:\Asset365_10.05-main\backend\env\Lib\site-packages\sqlalchemy\pool\impl.py", line 175, in _do_get
    return self._create_connection()
           ^^^^^^^^^^^^^^^^^^^^^^^^^
  File "D:\Asset365_10.05-main\backend\env\Lib\site-packages\sqlalchemy\pool\base.py", line 389, in _create_connection
    return _ConnectionRecord(self)
           ^^^^^^^^^^^^^^^^^^^^^^^
  File "D:\Asset365_10.05-main\backend\env\Lib\site-packages\sqlalchemy\pool\base.py", line 674, in __init__
    self.__connect()
  File "D:\Asset365_10.05-main\backend\env\Lib\site-packages\sqlalchemy\pool\base.py", line 900, in __connect
    with util.safe_reraise():
  File "D:\Asset365_10.05-main\backend\env\Lib\site-packages\sqlalchemy\util\langhelpers.py", line 121, in __exit__
    raise exc_value.with_traceback(exc_tb)
  File "D:\Asset365_10.05-main\backend\env\Lib\site-packages\sqlalchemy\pool\base.py", line 896, in __connect
    self.dbapi_connection = connection = pool._invoke_creator(self)
                                         ^^^^^^^^^^^^^^^^^^^^^^^^^^
  File "D:\Asset365_10.05-main\backend\env\Lib\site-packages\sqlalchemy\engine\create.py", line 661, in connect
    return dialect.connect(*cargs, **cparams)
           ^^^^^^^^^^^^^^^^^^^^^^^^^^^^^^^^^^
  File "D:\Asset365_10.05-main\backend\env\Lib\site-packages\sqlalchemy\engine\default.py", line 630, in connect
    return self.loaded_dbapi.connect(*cargs, **cparams)  # type: ignore[no-any-return]  # NOQA: E501
           ^^^^^^^^^^^^^^^^^^^^^^^^^^^^^^^^^^^^^^^^^^^^
pyodbc.OperationalError: ('08001', '[08001] [Microsoft][ODBC Driver 18 for SQL Server]SSL Provider: An existing connection was forcibly closed by the remote host.\r\n (10054) (SQLDriverConnect); [08001] [Microsoft][ODBC Driver 18 for SQL Server]Client unable to establish connection (10054)')

The above exception was the direct cause of the following exception:

Traceback (most recent call last):
  File "D:\Asset365_10.05-main\backend\app\core\database_health.py", line 23, in check_database_connection
    with engine.connect() as connection:
         ^^^^^^^^^^^^^^^^
  File "D:\Asset365_10.05-main\backend\env\Lib\site-packages\sqlalchemy\engine\base.py", line 3293, in connect
    return self._connection_cls(self)
           ^^^^^^^^^^^^^^^^^^^^^^^^^^
  File "D:\Asset365_10.05-main\backend\env\Lib\site-packages\sqlalchemy\engine\base.py", line 145, in __init__
    Connection._handle_dbapi_exception_noconnection(
  File "D:\Asset365_10.05-main\backend\env\Lib\site-packages\sqlalchemy\engine\base.py", line 2448, in _handle_dbapi_exception_noconnection
    raise sqlalchemy_exception.with_traceback(exc_info[2]) from e
  File "D:\Asset365_10.05-main\backend\env\Lib\site-packages\sqlalchemy\engine\base.py", line 143, in __init__
    self._dbapi_connection = engine.raw_connection()
                             ^^^^^^^^^^^^^^^^^^^^^^^
  File "D:\Asset365_10.05-main\backend\env\Lib\site-packages\sqlalchemy\engine\base.py", line 3317, in raw_connection
    return self.pool.connect()
           ^^^^^^^^^^^^^^^^^^^
  File "D:\Asset365_10.05-main\backend\env\Lib\site-packages\sqlalchemy\pool\base.py", line 448, in connect
    return _ConnectionFairy._checkout(self)
           ^^^^^^^^^^^^^^^^^^^^^^^^^^^^^^^^
  File "D:\Asset365_10.05-main\backend\env\Lib\site-packages\sqlalchemy\pool\base.py", line 1272, in _checkout
    fairy = _ConnectionRecord.checkout(pool)
            ^^^^^^^^^^^^^^^^^^^^^^^^^^^^^^^^
  File "D:\Asset365_10.05-main\backend\env\Lib\site-packages\sqlalchemy\pool\base.py", line 712, in checkout
    rec = pool._do_get()
          ^^^^^^^^^^^^^^
  File "D:\Asset365_10.05-main\backend\env\Lib\site-packages\sqlalchemy\pool\impl.py", line 177, in _do_get
    with util.safe_reraise():
  File "D:\Asset365_10.05-main\backend\env\Lib\site-packages\sqlalchemy\util\langhelpers.py", line 121, in __exit__
    raise exc_value.with_traceback(exc_tb)
  File "D:\Asset365_10.05-main\backend\env\Lib\site-packages\sqlalchemy\pool\impl.py", line 175, in _do_get
    return self._create_connection()
           ^^^^^^^^^^^^^^^^^^^^^^^^^
  File "D:\Asset365_10.05-main\backend\env\Lib\site-packages\sqlalchemy\pool\base.py", line 389, in _create_connection
    return _ConnectionRecord(self)
           ^^^^^^^^^^^^^^^^^^^^^^^
  File "D:\Asset365_10.05-main\backend\env\Lib\site-packages\sqlalchemy\pool\base.py", line 674, in __init__
    self.__connect()
  File "D:\Asset365_10.05-main\backend\env\Lib\site-packages\sqlalchemy\pool\base.py", line 900, in __connect
    with util.safe_reraise():
  File "D:\Asset365_10.05-main\backend\env\Lib\site-packages\sqlalchemy\util\langhelpers.py", line 121, in __exit__
    raise exc_value.with_traceback(exc_tb)
  File "D:\Asset365_10.05-main\backend\env\Lib\site-packages\sqlalchemy\pool\base.py", line 896, in __connect
    self.dbapi_connection = connection = pool._invoke_creator(self)
                                         ^^^^^^^^^^^^^^^^^^^^^^^^^^
  File "D:\Asset365_10.05-main\backend\env\Lib\site-packages\sqlalchemy\engine\create.py", line 661, in connect
    return dialect.connect(*cargs, **cparams)
           ^^^^^^^^^^^^^^^^^^^^^^^^^^^^^^^^^^
  File "D:\Asset365_10.05-main\backend\env\Lib\site-packages\sqlalchemy\engine\default.py", line 630, in connect
    return self.loaded_dbapi.connect(*cargs, **cparams)  # type: ignore[no-any-return]  # NOQA: E501
           ^^^^^^^^^^^^^^^^^^^^^^^^^^^^^^^^^^^^^^^^^^^^
sqlalchemy.exc.OperationalError: (pyodbc.OperationalError) ('08001', '[08001] [Microsoft][ODBC Driver 18 for SQL Server]SSL Provider: An existing connection was forcibly closed by the remote host.\r\n (10054) (SQLDriverConnect); [08001] [Microsoft][ODBC Driver 18 for SQL Server]Client unable to establish connection (10054)')
(Background on this error at: https://sqlalche.me/e/20/e3q8)
2026-08-24 15:20:55,811 | ERROR | database | [DB HEALTH] Database connection FAILED | database=ticket_db | error=(pyodbc.OperationalError) ('08001', '[08001] [Microsoft][ODBC Driver 18 for SQL Server]SSL Provider: An existing connection was forcibly closed by the remote host.\r\n (10054) (SQLDriverConnect); [08001] [Microsoft][ODBC Driver 18 for SQL Server]Client unable to establish connection (10054)')
(Background on this error at: https://sqlalche.me/e/20/e3q8)
Traceback (most recent call last):
  File "D:\Asset365_10.05-main\backend\env\Lib\site-packages\sqlalchemy\engine\base.py", line 143, in __init__
    self._dbapi_connection = engine.raw_connection()
                             ^^^^^^^^^^^^^^^^^^^^^^^
  File "D:\Asset365_10.05-main\backend\env\Lib\site-packages\sqlalchemy\engine\base.py", line 3317, in raw_connection
    return self.pool.connect()
           ^^^^^^^^^^^^^^^^^^^
  File "D:\Asset365_10.05-main\backend\env\Lib\site-packages\sqlalchemy\pool\base.py", line 448, in connect
    return _ConnectionFairy._checkout(self)
           ^^^^^^^^^^^^^^^^^^^^^^^^^^^^^^^^
  File "D:\Asset365_10.05-main\backend\env\Lib\site-packages\sqlalchemy\pool\base.py", line 1272, in _checkout
    fairy = _ConnectionRecord.checkout(pool)
            ^^^^^^^^^^^^^^^^^^^^^^^^^^^^^^^^
  File "D:\Asset365_10.05-main\backend\env\Lib\site-packages\sqlalchemy\pool\base.py", line 712, in checkout
    rec = pool._do_get()
          ^^^^^^^^^^^^^^
  File "D:\Asset365_10.05-main\backend\env\Lib\site-packages\sqlalchemy\pool\impl.py", line 177, in _do_get
    with util.safe_reraise():
  File "D:\Asset365_10.05-main\backend\env\Lib\site-packages\sqlalchemy\util\langhelpers.py", line 121, in __exit__
    raise exc_value.with_traceback(exc_tb)
  File "D:\Asset365_10.05-main\backend\env\Lib\site-packages\sqlalchemy\pool\impl.py", line 175, in _do_get
    return self._create_connection()
           ^^^^^^^^^^^^^^^^^^^^^^^^^
  File "D:\Asset365_10.05-main\backend\env\Lib\site-packages\sqlalchemy\pool\base.py", line 389, in _create_connection
    return _ConnectionRecord(self)
           ^^^^^^^^^^^^^^^^^^^^^^^
  File "D:\Asset365_10.05-main\backend\env\Lib\site-packages\sqlalchemy\pool\base.py", line 674, in __init__
    self.__connect()
  File "D:\Asset365_10.05-main\backend\env\Lib\site-packages\sqlalchemy\pool\base.py", line 900, in __connect
    with util.safe_reraise():
  File "D:\Asset365_10.05-main\backend\env\Lib\site-packages\sqlalchemy\util\langhelpers.py", line 121, in __exit__
    raise exc_value.with_traceback(exc_tb)
  File "D:\Asset365_10.05-main\backend\env\Lib\site-packages\sqlalchemy\pool\base.py", line 896, in __connect
    self.dbapi_connection = connection = pool._invoke_creator(self)
                                         ^^^^^^^^^^^^^^^^^^^^^^^^^^
  File "D:\Asset365_10.05-main\backend\env\Lib\site-packages\sqlalchemy\engine\create.py", line 661, in connect
    return dialect.connect(*cargs, **cparams)
           ^^^^^^^^^^^^^^^^^^^^^^^^^^^^^^^^^^
  File "D:\Asset365_10.05-main\backend\env\Lib\site-packages\sqlalchemy\engine\default.py", line 630, in connect
    return self.loaded_dbapi.connect(*cargs, **cparams)  # type: ignore[no-any-return]  # NOQA: E501
           ^^^^^^^^^^^^^^^^^^^^^^^^^^^^^^^^^^^^^^^^^^^^
pyodbc.OperationalError: ('08001', '[08001] [Microsoft][ODBC Driver 18 for SQL Server]SSL Provider: An existing connection was forcibly closed by the remote host.\r\n (10054) (SQLDriverConnect); [08001] [Microsoft][ODBC Driver 18 for SQL Server]Client unable to establish connection (10054)')

The above exception was the direct cause of the following exception:

Traceback (most recent call last):
  File "D:\Asset365_10.05-main\backend\app\core\database_health.py", line 23, in check_database_connection
    with engine.connect() as connection:
         ^^^^^^^^^^^^^^^^
  File "D:\Asset365_10.05-main\backend\env\Lib\site-packages\sqlalchemy\engine\base.py", line 3293, in connect
    return self._connection_cls(self)
           ^^^^^^^^^^^^^^^^^^^^^^^^^^
  File "D:\Asset365_10.05-main\backend\env\Lib\site-packages\sqlalchemy\engine\base.py", line 145, in __init__
    Connection._handle_dbapi_exception_noconnection(
  File "D:\Asset365_10.05-main\backend\env\Lib\site-packages\sqlalchemy\engine\base.py", line 2448, in _handle_dbapi_exception_noconnection
    raise sqlalchemy_exception.with_traceback(exc_info[2]) from e
  File "D:\Asset365_10.05-main\backend\env\Lib\site-packages\sqlalchemy\engine\base.py", line 143, in __init__
    self._dbapi_connection = engine.raw_connection()
                             ^^^^^^^^^^^^^^^^^^^^^^^
  File "D:\Asset365_10.05-main\backend\env\Lib\site-packages\sqlalchemy\engine\base.py", line 3317, in raw_connection
    return self.pool.connect()
           ^^^^^^^^^^^^^^^^^^^
  File "D:\Asset365_10.05-main\backend\env\Lib\site-packages\sqlalchemy\pool\base.py", line 448, in connect
    return _ConnectionFairy._checkout(self)
           ^^^^^^^^^^^^^^^^^^^^^^^^^^^^^^^^
  File "D:\Asset365_10.05-main\backend\env\Lib\site-packages\sqlalchemy\pool\base.py", line 1272, in _checkout
    fairy = _ConnectionRecord.checkout(pool)
            ^^^^^^^^^^^^^^^^^^^^^^^^^^^^^^^^
  File "D:\Asset365_10.05-main\backend\env\Lib\site-packages\sqlalchemy\pool\base.py", line 712, in checkout
    rec = pool._do_get()
          ^^^^^^^^^^^^^^
  File "D:\Asset365_10.05-main\backend\env\Lib\site-packages\sqlalchemy\pool\impl.py", line 177, in _do_get
    with util.safe_reraise():
  File "D:\Asset365_10.05-main\backend\env\Lib\site-packages\sqlalchemy\util\langhelpers.py", line 121, in __exit__
    raise exc_value.with_traceback(exc_tb)
  File "D:\Asset365_10.05-main\backend\env\Lib\site-packages\sqlalchemy\pool\impl.py", line 175, in _do_get
    return self._create_connection()
           ^^^^^^^^^^^^^^^^^^^^^^^^^
  File "D:\Asset365_10.05-main\backend\env\Lib\site-packages\sqlalchemy\pool\base.py", line 389, in _create_connection
    return _ConnectionRecord(self)
           ^^^^^^^^^^^^^^^^^^^^^^^
  File "D:\Asset365_10.05-main\backend\env\Lib\site-packages\sqlalchemy\pool\base.py", line 674, in __init__
    self.__connect()
  File "D:\Asset365_10.05-main\backend\env\Lib\site-packages\sqlalchemy\pool\base.py", line 900, in __connect
    with util.safe_reraise():
  File "D:\Asset365_10.05-main\backend\env\Lib\site-packages\sqlalchemy\util\langhelpers.py", line 121, in __exit__
    raise exc_value.with_traceback(exc_tb)
  File "D:\Asset365_10.05-main\backend\env\Lib\site-packages\sqlalchemy\pool\base.py", line 896, in __connect
    self.dbapi_connection = connection = pool._invoke_creator(self)
                                         ^^^^^^^^^^^^^^^^^^^^^^^^^^
  File "D:\Asset365_10.05-main\backend\env\Lib\site-packages\sqlalchemy\engine\create.py", line 661, in connect
    return dialect.connect(*cargs, **cparams)
           ^^^^^^^^^^^^^^^^^^^^^^^^^^^^^^^^^^
  File "D:\Asset365_10.05-main\backend\env\Lib\site-packages\sqlalchemy\engine\default.py", line 630, in connect
    return self.loaded_dbapi.connect(*cargs, **cparams)  # type: ignore[no-any-return]  # NOQA: E501
           ^^^^^^^^^^^^^^^^^^^^^^^^^^^^^^^^^^^^^^^^^^^^
sqlalchemy.exc.OperationalError: (pyodbc.OperationalError) ('08001', '[08001] [Microsoft][ODBC Driver 18 for SQL Server]SSL Provider: An existing connection was forcibly closed by the remote host.\r\n (10054) (SQLDriverConnect); [08001] [Microsoft][ODBC Driver 18 for SQL Server]Client unable to establish connection (10054)')
(Background on this error at: https://sqlalche.me/e/20/e3q8)
2026-08-24 15:22:36,718 | ERROR | database | [DB HEALTH] Database connection FAILED | database=asset_db | error=(pyodbc.OperationalError) ('08001', '[08001] [Microsoft][ODBC Driver 18 for SQL Server]Named Pipes Provider: Could not open a connection to SQL Server [2].  (2) (SQLDriverConnect); [08001] [Microsoft][ODBC Driver 18 for SQL Server]Login timeout expired (0); [08001] [Microsoft][ODBC Driver 18 for SQL Server]A network-related or instance-specific error has occurred while establishing a connection to it-pc. Server is not found or not accessible. Check if instance name is correct and if SQL Server is configured to allow remote connections. For more information see SQL Server Books Online. (2)')
(Background on this error at: https://sqlalche.me/e/20/e3q8)
Traceback (most recent call last):
  File "D:\Asset365_10.05-main\backend\env\Lib\site-packages\sqlalchemy\engine\base.py", line 143, in __init__
    self._dbapi_connection = engine.raw_connection()
                             ^^^^^^^^^^^^^^^^^^^^^^^
  File "D:\Asset365_10.05-main\backend\env\Lib\site-packages\sqlalchemy\engine\base.py", line 3317, in raw_connection
    return self.pool.connect()
           ^^^^^^^^^^^^^^^^^^^
  File "D:\Asset365_10.05-main\backend\env\Lib\site-packages\sqlalchemy\pool\base.py", line 448, in connect
    return _ConnectionFairy._checkout(self)
           ^^^^^^^^^^^^^^^^^^^^^^^^^^^^^^^^
  File "D:\Asset365_10.05-main\backend\env\Lib\site-packages\sqlalchemy\pool\base.py", line 1272, in _checkout
    fairy = _ConnectionRecord.checkout(pool)
            ^^^^^^^^^^^^^^^^^^^^^^^^^^^^^^^^
  File "D:\Asset365_10.05-main\backend\env\Lib\site-packages\sqlalchemy\pool\base.py", line 712, in checkout
    rec = pool._do_get()
          ^^^^^^^^^^^^^^
  File "D:\Asset365_10.05-main\backend\env\Lib\site-packages\sqlalchemy\pool\impl.py", line 177, in _do_get
    with util.safe_reraise():
  File "D:\Asset365_10.05-main\backend\env\Lib\site-packages\sqlalchemy\util\langhelpers.py", line 121, in __exit__
    raise exc_value.with_traceback(exc_tb)
  File "D:\Asset365_10.05-main\backend\env\Lib\site-packages\sqlalchemy\pool\impl.py", line 175, in _do_get
    return self._create_connection()
           ^^^^^^^^^^^^^^^^^^^^^^^^^
  File "D:\Asset365_10.05-main\backend\env\Lib\site-packages\sqlalchemy\pool\base.py", line 389, in _create_connection
    return _ConnectionRecord(self)
           ^^^^^^^^^^^^^^^^^^^^^^^
  File "D:\Asset365_10.05-main\backend\env\Lib\site-packages\sqlalchemy\pool\base.py", line 674, in __init__
    self.__connect()
  File "D:\Asset365_10.05-main\backend\env\Lib\site-packages\sqlalchemy\pool\base.py", line 900, in __connect
    with util.safe_reraise():
  File "D:\Asset365_10.05-main\backend\env\Lib\site-packages\sqlalchemy\util\langhelpers.py", line 121, in __exit__
    raise exc_value.with_traceback(exc_tb)
  File "D:\Asset365_10.05-main\backend\env\Lib\site-packages\sqlalchemy\pool\base.py", line 896, in __connect
    self.dbapi_connection = connection = pool._invoke_creator(self)
                                         ^^^^^^^^^^^^^^^^^^^^^^^^^^
  File "D:\Asset365_10.05-main\backend\env\Lib\site-packages\sqlalchemy\engine\create.py", line 661, in connect
    return dialect.connect(*cargs, **cparams)
           ^^^^^^^^^^^^^^^^^^^^^^^^^^^^^^^^^^
  File "D:\Asset365_10.05-main\backend\env\Lib\site-packages\sqlalchemy\engine\default.py", line 630, in connect
    return self.loaded_dbapi.connect(*cargs, **cparams)  # type: ignore[no-any-return]  # NOQA: E501
           ^^^^^^^^^^^^^^^^^^^^^^^^^^^^^^^^^^^^^^^^^^^^
pyodbc.OperationalError: ('08001', '[08001] [Microsoft][ODBC Driver 18 for SQL Server]Named Pipes Provider: Could not open a connection to SQL Server [2].  (2) (SQLDriverConnect); [08001] [Microsoft][ODBC Driver 18 for SQL Server]Login timeout expired (0); [08001] [Microsoft][ODBC Driver 18 for SQL Server]A network-related or instance-specific error has occurred while establishing a connection to it-pc. Server is not found or not accessible. Check if instance name is correct and if SQL Server is configured to allow remote connections. For more information see SQL Server Books Online. (2)')

The above exception was the direct cause of the following exception:

Traceback (most recent call last):
  File "D:\Asset365_10.05-main\backend\app\core\database_health.py", line 23, in check_database_connection
    with engine.connect() as connection:
         ^^^^^^^^^^^^^^^^
  File "D:\Asset365_10.05-main\backend\env\Lib\site-packages\sqlalchemy\engine\base.py", line 3293, in connect
    return self._connection_cls(self)
           ^^^^^^^^^^^^^^^^^^^^^^^^^^
  File "D:\Asset365_10.05-main\backend\env\Lib\site-packages\sqlalchemy\engine\base.py", line 145, in __init__
    Connection._handle_dbapi_exception_noconnection(
  File "D:\Asset365_10.05-main\backend\env\Lib\site-packages\sqlalchemy\engine\base.py", line 2448, in _handle_dbapi_exception_noconnection
    raise sqlalchemy_exception.with_traceback(exc_info[2]) from e
  File "D:\Asset365_10.05-main\backend\env\Lib\site-packages\sqlalchemy\engine\base.py", line 143, in __init__
    self._dbapi_connection = engine.raw_connection()
                             ^^^^^^^^^^^^^^^^^^^^^^^
  File "D:\Asset365_10.05-main\backend\env\Lib\site-packages\sqlalchemy\engine\base.py", line 3317, in raw_connection
    return self.pool.connect()
           ^^^^^^^^^^^^^^^^^^^
  File "D:\Asset365_10.05-main\backend\env\Lib\site-packages\sqlalchemy\pool\base.py", line 448, in connect
    return _ConnectionFairy._checkout(self)
           ^^^^^^^^^^^^^^^^^^^^^^^^^^^^^^^^
  File "D:\Asset365_10.05-main\backend\env\Lib\site-packages\sqlalchemy\pool\base.py", line 1272, in _checkout
    fairy = _ConnectionRecord.checkout(pool)
            ^^^^^^^^^^^^^^^^^^^^^^^^^^^^^^^^
  File "D:\Asset365_10.05-main\backend\env\Lib\site-packages\sqlalchemy\pool\base.py", line 712, in checkout
    rec = pool._do_get()
          ^^^^^^^^^^^^^^
  File "D:\Asset365_10.05-main\backend\env\Lib\site-packages\sqlalchemy\pool\impl.py", line 177, in _do_get
    with util.safe_reraise():
  File "D:\Asset365_10.05-main\backend\env\Lib\site-packages\sqlalchemy\util\langhelpers.py", line 121, in __exit__
    raise exc_value.with_traceback(exc_tb)
  File "D:\Asset365_10.05-main\backend\env\Lib\site-packages\sqlalchemy\pool\impl.py", line 175, in _do_get
    return self._create_connection()
           ^^^^^^^^^^^^^^^^^^^^^^^^^
  File "D:\Asset365_10.05-main\backend\env\Lib\site-packages\sqlalchemy\pool\base.py", line 389, in _create_connection
    return _ConnectionRecord(self)
           ^^^^^^^^^^^^^^^^^^^^^^^
  File "D:\Asset365_10.05-main\backend\env\Lib\site-packages\sqlalchemy\pool\base.py", line 674, in __init__
    self.__connect()
  File "D:\Asset365_10.05-main\backend\env\Lib\site-packages\sqlalchemy\pool\base.py", line 900, in __connect
    with util.safe_reraise():
  File "D:\Asset365_10.05-main\backend\env\Lib\site-packages\sqlalchemy\util\langhelpers.py", line 121, in __exit__
    raise exc_value.with_traceback(exc_tb)
  File "D:\Asset365_10.05-main\backend\env\Lib\site-packages\sqlalchemy\pool\base.py", line 896, in __connect
    self.dbapi_connection = connection = pool._invoke_creator(self)
                                         ^^^^^^^^^^^^^^^^^^^^^^^^^^
  File "D:\Asset365_10.05-main\backend\env\Lib\site-packages\sqlalchemy\engine\create.py", line 661, in connect
    return dialect.connect(*cargs, **cparams)
           ^^^^^^^^^^^^^^^^^^^^^^^^^^^^^^^^^^
  File "D:\Asset365_10.05-main\backend\env\Lib\site-packages\sqlalchemy\engine\default.py", line 630, in connect
    return self.loaded_dbapi.connect(*cargs, **cparams)  # type: ignore[no-any-return]  # NOQA: E501
           ^^^^^^^^^^^^^^^^^^^^^^^^^^^^^^^^^^^^^^^^^^^^
sqlalchemy.exc.OperationalError: (pyodbc.OperationalError) ('08001', '[08001] [Microsoft][ODBC Driver 18 for SQL Server]Named Pipes Provider: Could not open a connection to SQL Server [2].  (2) (SQLDriverConnect); [08001] [Microsoft][ODBC Driver 18 for SQL Server]Login timeout expired (0); [08001] [Microsoft][ODBC Driver 18 for SQL Server]A network-related or instance-specific error has occurred while establishing a connection to it-pc. Server is not found or not accessible. Check if instance name is correct and if SQL Server is configured to allow remote connections. For more information see SQL Server Books Online. (2)')
(Background on this error at: https://sqlalche.me/e/20/e3q8)
2026-08-24 15:22:51,884 | ERROR | database | [DB HEALTH] Database connection FAILED | database=task_db | error=(pyodbc.OperationalError) ('08001', '[08001] [Microsoft][ODBC Driver 18 for SQL Server]Named Pipes Provider: Could not open a connection to SQL Server [2].  (2) (SQLDriverConnect); [08001] [Microsoft][ODBC Driver 18 for SQL Server]Login timeout expired (0); [08001] [Microsoft][ODBC Driver 18 for SQL Server]A network-related or instance-specific error has occurred while establishing a connection to it-pc. Server is not found or not accessible. Check if instance name is correct and if SQL Server is configured to allow remote connections. For more information see SQL Server Books Online. (2)')
(Background on this error at: https://sqlalche.me/e/20/e3q8)
Traceback (most recent call last):
  File "D:\Asset365_10.05-main\backend\env\Lib\site-packages\sqlalchemy\engine\base.py", line 143, in __init__
    self._dbapi_connection = engine.raw_connection()
                             ^^^^^^^^^^^^^^^^^^^^^^^
  File "D:\Asset365_10.05-main\backend\env\Lib\site-packages\sqlalchemy\engine\base.py", line 3317, in raw_connection
    return self.pool.connect()
           ^^^^^^^^^^^^^^^^^^^
  File "D:\Asset365_10.05-main\backend\env\Lib\site-packages\sqlalchemy\pool\base.py", line 448, in connect
    return _ConnectionFairy._checkout(self)
           ^^^^^^^^^^^^^^^^^^^^^^^^^^^^^^^^
  File "D:\Asset365_10.05-main\backend\env\Lib\site-packages\sqlalchemy\pool\base.py", line 1272, in _checkout
    fairy = _ConnectionRecord.checkout(pool)
            ^^^^^^^^^^^^^^^^^^^^^^^^^^^^^^^^
  File "D:\Asset365_10.05-main\backend\env\Lib\site-packages\sqlalchemy\pool\base.py", line 712, in checkout
    rec = pool._do_get()
          ^^^^^^^^^^^^^^
  File "D:\Asset365_10.05-main\backend\env\Lib\site-packages\sqlalchemy\pool\impl.py", line 177, in _do_get
    with util.safe_reraise():
  File "D:\Asset365_10.05-main\backend\env\Lib\site-packages\sqlalchemy\util\langhelpers.py", line 121, in __exit__
    raise exc_value.with_traceback(exc_tb)
  File "D:\Asset365_10.05-main\backend\env\Lib\site-packages\sqlalchemy\pool\impl.py", line 175, in _do_get
    return self._create_connection()
           ^^^^^^^^^^^^^^^^^^^^^^^^^
  File "D:\Asset365_10.05-main\backend\env\Lib\site-packages\sqlalchemy\pool\base.py", line 389, in _create_connection
    return _ConnectionRecord(self)
           ^^^^^^^^^^^^^^^^^^^^^^^
  File "D:\Asset365_10.05-main\backend\env\Lib\site-packages\sqlalchemy\pool\base.py", line 674, in __init__
    self.__connect()
  File "D:\Asset365_10.05-main\backend\env\Lib\site-packages\sqlalchemy\pool\base.py", line 900, in __connect
    with util.safe_reraise():
  File "D:\Asset365_10.05-main\backend\env\Lib\site-packages\sqlalchemy\util\langhelpers.py", line 121, in __exit__
    raise exc_value.with_traceback(exc_tb)
  File "D:\Asset365_10.05-main\backend\env\Lib\site-packages\sqlalchemy\pool\base.py", line 896, in __connect
    self.dbapi_connection = connection = pool._invoke_creator(self)
                                         ^^^^^^^^^^^^^^^^^^^^^^^^^^
  File "D:\Asset365_10.05-main\backend\env\Lib\site-packages\sqlalchemy\engine\create.py", line 661, in connect
    return dialect.connect(*cargs, **cparams)
           ^^^^^^^^^^^^^^^^^^^^^^^^^^^^^^^^^^
  File "D:\Asset365_10.05-main\backend\env\Lib\site-packages\sqlalchemy\engine\default.py", line 630, in connect
    return self.loaded_dbapi.connect(*cargs, **cparams)  # type: ignore[no-any-return]  # NOQA: E501
           ^^^^^^^^^^^^^^^^^^^^^^^^^^^^^^^^^^^^^^^^^^^^
pyodbc.OperationalError: ('08001', '[08001] [Microsoft][ODBC Driver 18 for SQL Server]Named Pipes Provider: Could not open a connection to SQL Server [2].  (2) (SQLDriverConnect); [08001] [Microsoft][ODBC Driver 18 for SQL Server]Login timeout expired (0); [08001] [Microsoft][ODBC Driver 18 for SQL Server]A network-related or instance-specific error has occurred while establishing a connection to it-pc. Server is not found or not accessible. Check if instance name is correct and if SQL Server is configured to allow remote connections. For more information see SQL Server Books Online. (2)')

The above exception was the direct cause of the following exception:

Traceback (most recent call last):
  File "D:\Asset365_10.05-main\backend\app\core\database_health.py", line 23, in check_database_connection
    with engine.connect() as connection:
         ^^^^^^^^^^^^^^^^
  File "D:\Asset365_10.05-main\backend\env\Lib\site-packages\sqlalchemy\engine\base.py", line 3293, in connect
    return self._connection_cls(self)
           ^^^^^^^^^^^^^^^^^^^^^^^^^^
  File "D:\Asset365_10.05-main\backend\env\Lib\site-packages\sqlalchemy\engine\base.py", line 145, in __init__
    Connection._handle_dbapi_exception_noconnection(
  File "D:\Asset365_10.05-main\backend\env\Lib\site-packages\sqlalchemy\engine\base.py", line 2448, in _handle_dbapi_exception_noconnection
    raise sqlalchemy_exception.with_traceback(exc_info[2]) from e
  File "D:\Asset365_10.05-main\backend\env\Lib\site-packages\sqlalchemy\engine\base.py", line 143, in __init__
    self._dbapi_connection = engine.raw_connection()
                             ^^^^^^^^^^^^^^^^^^^^^^^
  File "D:\Asset365_10.05-main\backend\env\Lib\site-packages\sqlalchemy\engine\base.py", line 3317, in raw_connection
    return self.pool.connect()
           ^^^^^^^^^^^^^^^^^^^
  File "D:\Asset365_10.05-main\backend\env\Lib\site-packages\sqlalchemy\pool\base.py", line 448, in connect
    return _ConnectionFairy._checkout(self)
           ^^^^^^^^^^^^^^^^^^^^^^^^^^^^^^^^
  File "D:\Asset365_10.05-main\backend\env\Lib\site-packages\sqlalchemy\pool\base.py", line 1272, in _checkout
    fairy = _ConnectionRecord.checkout(pool)
            ^^^^^^^^^^^^^^^^^^^^^^^^^^^^^^^^
  File "D:\Asset365_10.05-main\backend\env\Lib\site-packages\sqlalchemy\pool\base.py", line 712, in checkout
    rec = pool._do_get()
          ^^^^^^^^^^^^^^
  File "D:\Asset365_10.05-main\backend\env\Lib\site-packages\sqlalchemy\pool\impl.py", line 177, in _do_get
    with util.safe_reraise():
  File "D:\Asset365_10.05-main\backend\env\Lib\site-packages\sqlalchemy\util\langhelpers.py", line 121, in __exit__
    raise exc_value.with_traceback(exc_tb)
  File "D:\Asset365_10.05-main\backend\env\Lib\site-packages\sqlalchemy\pool\impl.py", line 175, in _do_get
    return self._create_connection()
           ^^^^^^^^^^^^^^^^^^^^^^^^^
  File "D:\Asset365_10.05-main\backend\env\Lib\site-packages\sqlalchemy\pool\base.py", line 389, in _create_connection
    return _ConnectionRecord(self)
           ^^^^^^^^^^^^^^^^^^^^^^^
  File "D:\Asset365_10.05-main\backend\env\Lib\site-packages\sqlalchemy\pool\base.py", line 674, in __init__
    self.__connect()
  File "D:\Asset365_10.05-main\backend\env\Lib\site-packages\sqlalchemy\pool\base.py", line 900, in __connect
    with util.safe_reraise():
  File "D:\Asset365_10.05-main\backend\env\Lib\site-packages\sqlalchemy\util\langhelpers.py", line 121, in __exit__
    raise exc_value.with_traceback(exc_tb)
  File "D:\Asset365_10.05-main\backend\env\Lib\site-packages\sqlalchemy\pool\base.py", line 896, in __connect
    self.dbapi_connection = connection = pool._invoke_creator(self)
                                         ^^^^^^^^^^^^^^^^^^^^^^^^^^
  File "D:\Asset365_10.05-main\backend\env\Lib\site-packages\sqlalchemy\engine\create.py", line 661, in connect
    return dialect.connect(*cargs, **cparams)
           ^^^^^^^^^^^^^^^^^^^^^^^^^^^^^^^^^^
  File "D:\Asset365_10.05-main\backend\env\Lib\site-packages\sqlalchemy\engine\default.py", line 630, in connect
    return self.loaded_dbapi.connect(*cargs, **cparams)  # type: ignore[no-any-return]  # NOQA: E501
           ^^^^^^^^^^^^^^^^^^^^^^^^^^^^^^^^^^^^^^^^^^^^
sqlalchemy.exc.OperationalError: (pyodbc.OperationalError) ('08001', '[08001] [Microsoft][ODBC Driver 18 for SQL Server]Named Pipes Provider: Could not open a connection to SQL Server [2].  (2) (SQLDriverConnect); [08001] [Microsoft][ODBC Driver 18 for SQL Server]Login timeout expired (0); [08001] [Microsoft][ODBC Driver 18 for SQL Server]A network-related or instance-specific error has occurred while establishing a connection to it-pc. Server is not found or not accessible. Check if instance name is correct and if SQL Server is configured to allow remote connections. For more information see SQL Server Books Online. (2)')
(Background on this error at: https://sqlalche.me/e/20/e3q8)
2026-08-24 15:23:07,036 | ERROR | database | [DB HEALTH] Database connection FAILED | database=ticket_db | error=(pyodbc.OperationalError) ('08001', '[08001] [Microsoft][ODBC Driver 18 for SQL Server]Named Pipes Provider: Could not open a connection to SQL Server [2].  (2) (SQLDriverConnect); [08001] [Microsoft][ODBC Driver 18 for SQL Server]Login timeout expired (0); [08001] [Microsoft][ODBC Driver 18 for SQL Server]A network-related or instance-specific error has occurred while establishing a connection to it-pc. Server is not found or not accessible. Check if instance name is correct and if SQL Server is configured to allow remote connections. For more information see SQL Server Books Online. (2)')
(Background on this error at: https://sqlalche.me/e/20/e3q8)
Traceback (most recent call last):
  File "D:\Asset365_10.05-main\backend\env\Lib\site-packages\sqlalchemy\engine\base.py", line 143, in __init__
    self._dbapi_connection = engine.raw_connection()
                             ^^^^^^^^^^^^^^^^^^^^^^^
  File "D:\Asset365_10.05-main\backend\env\Lib\site-packages\sqlalchemy\engine\base.py", line 3317, in raw_connection
    return self.pool.connect()
           ^^^^^^^^^^^^^^^^^^^
  File "D:\Asset365_10.05-main\backend\env\Lib\site-packages\sqlalchemy\pool\base.py", line 448, in connect
    return _ConnectionFairy._checkout(self)
           ^^^^^^^^^^^^^^^^^^^^^^^^^^^^^^^^
  File "D:\Asset365_10.05-main\backend\env\Lib\site-packages\sqlalchemy\pool\base.py", line 1272, in _checkout
    fairy = _ConnectionRecord.checkout(pool)
            ^^^^^^^^^^^^^^^^^^^^^^^^^^^^^^^^
  File "D:\Asset365_10.05-main\backend\env\Lib\site-packages\sqlalchemy\pool\base.py", line 712, in checkout
    rec = pool._do_get()
          ^^^^^^^^^^^^^^
  File "D:\Asset365_10.05-main\backend\env\Lib\site-packages\sqlalchemy\pool\impl.py", line 177, in _do_get
    with util.safe_reraise():
  File "D:\Asset365_10.05-main\backend\env\Lib\site-packages\sqlalchemy\util\langhelpers.py", line 121, in __exit__
    raise exc_value.with_traceback(exc_tb)
  File "D:\Asset365_10.05-main\backend\env\Lib\site-packages\sqlalchemy\pool\impl.py", line 175, in _do_get
    return self._create_connection()
           ^^^^^^^^^^^^^^^^^^^^^^^^^
  File "D:\Asset365_10.05-main\backend\env\Lib\site-packages\sqlalchemy\pool\base.py", line 389, in _create_connection
    return _ConnectionRecord(self)
           ^^^^^^^^^^^^^^^^^^^^^^^
  File "D:\Asset365_10.05-main\backend\env\Lib\site-packages\sqlalchemy\pool\base.py", line 674, in __init__
    self.__connect()
  File "D:\Asset365_10.05-main\backend\env\Lib\site-packages\sqlalchemy\pool\base.py", line 900, in __connect
    with util.safe_reraise():
  File "D:\Asset365_10.05-main\backend\env\Lib\site-packages\sqlalchemy\util\langhelpers.py", line 121, in __exit__
    raise exc_value.with_traceback(exc_tb)
  File "D:\Asset365_10.05-main\backend\env\Lib\site-packages\sqlalchemy\pool\base.py", line 896, in __connect
    self.dbapi_connection = connection = pool._invoke_creator(self)
                                         ^^^^^^^^^^^^^^^^^^^^^^^^^^
  File "D:\Asset365_10.05-main\backend\env\Lib\site-packages\sqlalchemy\engine\create.py", line 661, in connect
    return dialect.connect(*cargs, **cparams)
           ^^^^^^^^^^^^^^^^^^^^^^^^^^^^^^^^^^
  File "D:\Asset365_10.05-main\backend\env\Lib\site-packages\sqlalchemy\engine\default.py", line 630, in connect
    return self.loaded_dbapi.connect(*cargs, **cparams)  # type: ignore[no-any-return]  # NOQA: E501
           ^^^^^^^^^^^^^^^^^^^^^^^^^^^^^^^^^^^^^^^^^^^^
pyodbc.OperationalError: ('08001', '[08001] [Microsoft][ODBC Driver 18 for SQL Server]Named Pipes Provider: Could not open a connection to SQL Server [2].  (2) (SQLDriverConnect); [08001] [Microsoft][ODBC Driver 18 for SQL Server]Login timeout expired (0); [08001] [Microsoft][ODBC Driver 18 for SQL Server]A network-related or instance-specific error has occurred while establishing a connection to it-pc. Server is not found or not accessible. Check if instance name is correct and if SQL Server is configured to allow remote connections. For more information see SQL Server Books Online. (2)')

The above exception was the direct cause of the following exception:

Traceback (most recent call last):
  File "D:\Asset365_10.05-main\backend\app\core\database_health.py", line 23, in check_database_connection
    with engine.connect() as connection:
         ^^^^^^^^^^^^^^^^
  File "D:\Asset365_10.05-main\backend\env\Lib\site-packages\sqlalchemy\engine\base.py", line 3293, in connect
    return self._connection_cls(self)
           ^^^^^^^^^^^^^^^^^^^^^^^^^^
  File "D:\Asset365_10.05-main\backend\env\Lib\site-packages\sqlalchemy\engine\base.py", line 145, in __init__
    Connection._handle_dbapi_exception_noconnection(
  File "D:\Asset365_10.05-main\backend\env\Lib\site-packages\sqlalchemy\engine\base.py", line 2448, in _handle_dbapi_exception_noconnection
    raise sqlalchemy_exception.with_traceback(exc_info[2]) from e
  File "D:\Asset365_10.05-main\backend\env\Lib\site-packages\sqlalchemy\engine\base.py", line 143, in __init__
    self._dbapi_connection = engine.raw_connection()
                             ^^^^^^^^^^^^^^^^^^^^^^^
  File "D:\Asset365_10.05-main\backend\env\Lib\site-packages\sqlalchemy\engine\base.py", line 3317, in raw_connection
    return self.pool.connect()
           ^^^^^^^^^^^^^^^^^^^
  File "D:\Asset365_10.05-main\backend\env\Lib\site-packages\sqlalchemy\pool\base.py", line 448, in connect
    return _ConnectionFairy._checkout(self)
           ^^^^^^^^^^^^^^^^^^^^^^^^^^^^^^^^
  File "D:\Asset365_10.05-main\backend\env\Lib\site-packages\sqlalchemy\pool\base.py", line 1272, in _checkout
    fairy = _ConnectionRecord.checkout(pool)
            ^^^^^^^^^^^^^^^^^^^^^^^^^^^^^^^^
  File "D:\Asset365_10.05-main\backend\env\Lib\site-packages\sqlalchemy\pool\base.py", line 712, in checkout
    rec = pool._do_get()
          ^^^^^^^^^^^^^^
  File "D:\Asset365_10.05-main\backend\env\Lib\site-packages\sqlalchemy\pool\impl.py", line 177, in _do_get
    with util.safe_reraise():
  File "D:\Asset365_10.05-main\backend\env\Lib\site-packages\sqlalchemy\util\langhelpers.py", line 121, in __exit__
    raise exc_value.with_traceback(exc_tb)
  File "D:\Asset365_10.05-main\backend\env\Lib\site-packages\sqlalchemy\pool\impl.py", line 175, in _do_get
    return self._create_connection()
           ^^^^^^^^^^^^^^^^^^^^^^^^^
  File "D:\Asset365_10.05-main\backend\env\Lib\site-packages\sqlalchemy\pool\base.py", line 389, in _create_connection
    return _ConnectionRecord(self)
           ^^^^^^^^^^^^^^^^^^^^^^^
  File "D:\Asset365_10.05-main\backend\env\Lib\site-packages\sqlalchemy\pool\base.py", line 674, in __init__
    self.__connect()
  File "D:\Asset365_10.05-main\backend\env\Lib\site-packages\sqlalchemy\pool\base.py", line 900, in __connect
    with util.safe_reraise():
  File "D:\Asset365_10.05-main\backend\env\Lib\site-packages\sqlalchemy\util\langhelpers.py", line 121, in __exit__
    raise exc_value.with_traceback(exc_tb)
  File "D:\Asset365_10.05-main\backend\env\Lib\site-packages\sqlalchemy\pool\base.py", line 896, in __connect
    self.dbapi_connection = connection = pool._invoke_creator(self)
                                         ^^^^^^^^^^^^^^^^^^^^^^^^^^
  File "D:\Asset365_10.05-main\backend\env\Lib\site-packages\sqlalchemy\engine\create.py", line 661, in connect
    return dialect.connect(*cargs, **cparams)
           ^^^^^^^^^^^^^^^^^^^^^^^^^^^^^^^^^^
  File "D:\Asset365_10.05-main\backend\env\Lib\site-packages\sqlalchemy\engine\default.py", line 630, in connect
    return self.loaded_dbapi.connect(*cargs, **cparams)  # type: ignore[no-any-return]  # NOQA: E501
           ^^^^^^^^^^^^^^^^^^^^^^^^^^^^^^^^^^^^^^^^^^^^
sqlalchemy.exc.OperationalError: (pyodbc.OperationalError) ('08001', '[08001] [Microsoft][ODBC Driver 18 for SQL Server]Named Pipes Provider: Could not open a connection to SQL Server [2].  (2) (SQLDriverConnect); [08001] [Microsoft][ODBC Driver 18 for SQL Server]Login timeout expired (0); [08001] [Microsoft][ODBC Driver 18 for SQL Server]A network-related or instance-specific error has occurred while establishing a connection to it-pc. Server is not found or not accessible. Check if instance name is correct and if SQL Server is configured to allow remote connections. For more information see SQL Server Books Online. (2)')
(Background on this error at: https://sqlalche.me/e/20/e3q8)
2026-08-24 15:24:36,787 | INFO | database | [DB HEALTH] Database connection successful | database=asset_db
2026-08-24 15:24:37,069 | INFO | database | [DB HEALTH] Database connection successful | database=task_db
2026-08-24 15:24:37,245 | INFO | database | [DB HEALTH] Database connection successful | database=ticket_db
2026-08-24 15:29:36,413 | INFO | database | [DB HEALTH] Database connection successful | database=asset_db
2026-08-24 15:29:36,474 | INFO | database | [DB HEALTH] Database connection successful | database=task_db
2026-08-24 15:29:36,529 | INFO | database | [DB HEALTH] Database connection successful | database=ticket_db
2026-08-24 15:30:05,001 | INFO | database | [DB HEALTH] Database connection successful | database=asset_db
2026-08-24 15:30:05,072 | INFO | database | [DB HEALTH] Database connection successful | database=task_db
2026-08-24 15:30:05,129 | INFO | database | [DB HEALTH] Database connection successful | database=ticket_db
2026-08-24 16:21:13,333 | INFO | database | [DB HEALTH] Database connection successful | database=asset_db
2026-08-24 16:21:13,396 | INFO | database | [DB HEALTH] Database connection successful | database=task_db
2026-08-24 16:21:13,469 | INFO | database | [DB HEALTH] Database connection successful | database=ticket_db
2026-08-24 17:12:21,022 | INFO | database | [DB HEALTH] Database connection successful | database=asset_db
2026-08-24 17:12:21,137 | INFO | database | [DB HEALTH] Database connection successful | database=task_db
2026-08-24 17:12:21,233 | INFO | database | [DB HEALTH] Database connection successful | database=ticket_db
2026-08-25 09:18:55,575 | INFO | database | [DB HEALTH] Database connection successful | database=asset_db
2026-08-25 09:18:55,674 | INFO | database | [DB HEALTH] Database connection successful | database=task_db
2026-08-25 09:18:55,747 | INFO | database | [DB HEALTH] Database connection successful | database=ticket_db
2026-08-25 11:12:21,557 | INFO | database | [DB HEALTH] Database connection successful | database=asset_db
2026-08-25 11:12:21,615 | INFO | database | [DB HEALTH] Database connection successful | database=task_db
2026-08-25 11:12:21,683 | INFO | database | [DB HEALTH] Database connection successful | database=ticket_db
2026-08-25 15:44:28,521 | INFO | database | [DB HEALTH] Database connection successful | database=asset_db
2026-08-25 15:44:28,606 | INFO | database | [DB HEALTH] Database connection successful | database=task_db
2026-08-25 15:44:28,702 | INFO | database | [DB HEALTH] Database connection successful | database=ticket_db
2026-08-25 15:58:44,212 | INFO | database | [DB HEALTH] Database connection successful | database=asset_db
2026-08-25 15:58:44,273 | INFO | database | [DB HEALTH] Database connection successful | database=task_db
2026-08-25 15:58:44,331 | INFO | database | [DB HEALTH] Database connection successful | database=ticket_db
2026-08-25 15:59:11,738 | INFO | database | [DB HEALTH] Database connection successful | database=asset_db
2026-08-25 15:59:11,801 | INFO | database | [DB HEALTH] Database connection successful | database=task_db
2026-08-25 15:59:11,885 | INFO | database | [DB HEALTH] Database connection successful | database=ticket_db
2026-08-25 16:07:23,987 | INFO | database | [DB HEALTH] Database connection successful | database=asset_db
2026-08-25 16:07:24,043 | INFO | database | [DB HEALTH] Database connection successful | database=task_db
2026-08-25 16:07:24,109 | INFO | database | [DB HEALTH] Database connection successful | database=ticket_db
2026-08-25 16:46:54,032 | INFO | database | [DB HEALTH] Database connection successful | database=asset_db
2026-08-25 16:46:54,118 | INFO | database | [DB HEALTH] Database connection successful | database=task_db
2026-08-25 16:46:54,197 | INFO | database | [DB HEALTH] Database connection successful | database=ticket_db
2026-08-25 16:49:24,063 | INFO | database | [DB HEALTH] Database connection successful | database=asset_db
2026-08-25 16:49:24,114 | INFO | database | [DB HEALTH] Database connection successful | database=task_db
2026-08-25 16:49:24,191 | INFO | database | [DB HEALTH] Database connection successful | database=ticket_db
2026-08-25 17:04:00,693 | INFO | database | [DB HEALTH] Database connection successful | database=asset_db
2026-08-25 17:04:00,757 | INFO | database | [DB HEALTH] Database connection successful | database=task_db
2026-08-25 17:04:00,821 | INFO | database | [DB HEALTH] Database connection successful | database=ticket_db
2026-08-25 17:07:31,052 | INFO | database | [DB HEALTH] Database connection successful | database=asset_db
2026-08-25 17:07:31,124 | INFO | database | [DB HEALTH] Database connection successful | database=task_db
2026-08-25 17:07:31,172 | INFO | database | [DB HEALTH] Database connection successful | database=ticket_db
2026-08-25 17:27:24,883 | INFO | database | [DB HEALTH] Database connection successful | database=asset_db
2026-08-25 17:27:24,969 | INFO | database | [DB HEALTH] Database connection successful | database=task_db
2026-08-25 17:27:25,048 | INFO | database | [DB HEALTH] Database connection successful | database=ticket_db
2026-08-25 17:32:18,349 | INFO | database | [DB HEALTH] Database connection successful | database=asset_db
2026-08-25 17:32:18,423 | INFO | database | [DB HEALTH] Database connection successful | database=task_db
2026-08-25 17:32:18,525 | INFO | database | [DB HEALTH] Database connection successful | database=ticket_db
2026-08-25 17:32:50,502 | INFO | database | [DB HEALTH] Database connection successful | database=asset_db
2026-08-25 17:32:50,581 | INFO | database | [DB HEALTH] Database connection successful | database=task_db
2026-08-25 17:32:50,661 | INFO | database | [DB HEALTH] Database connection successful | database=ticket_db
2026-08-26 09:13:54,374 | INFO | database | [DB HEALTH] Database connection successful | database=asset_db
2026-08-26 09:13:54,582 | INFO | database | [DB HEALTH] Database connection successful | database=task_db
2026-08-26 09:13:54,743 | INFO | database | [DB HEALTH] Database connection successful | database=ticket_db
2026-08-26 10:48:22,704 | INFO | database | [DB HEALTH] Database connection successful | database=asset_db
2026-08-26 10:48:22,775 | INFO | database | [DB HEALTH] Database connection successful | database=task_db
2026-08-26 10:48:22,848 | INFO | database | [DB HEALTH] Database connection successful | database=ticket_db
2026-08-26 11:32:21,546 | INFO | database | [DB HEALTH] Database connection successful | database=asset_db
2026-08-26 11:32:21,641 | INFO | database | [DB HEALTH] Database connection successful | database=task_db
2026-08-26 11:32:21,714 | INFO | database | [DB HEALTH] Database connection successful | database=ticket_db
2026-08-26 11:34:44,931 | INFO | database | [DB HEALTH] Database connection successful | database=asset_db
2026-08-26 11:34:44,996 | INFO | database | [DB HEALTH] Database connection successful | database=task_db
2026-08-26 11:34:45,049 | INFO | database | [DB HEALTH] Database connection successful | database=ticket_db
2026-08-26 13:57:57,939 | INFO | database | [DB HEALTH] Database connection successful | database=asset_db
2026-08-26 13:57:58,067 | INFO | database | [DB HEALTH] Database connection successful | database=task_db
2026-08-26 13:57:58,200 | INFO | database | [DB HEALTH] Database connection successful | database=ticket_db
2026-08-26 14:00:47,444 | INFO | database | [DB HEALTH] Database connection successful | database=asset_db
2026-08-26 14:00:47,493 | INFO | database | [DB HEALTH] Database connection successful | database=task_db
2026-08-26 14:00:47,552 | INFO | database | [DB HEALTH] Database connection successful | database=ticket_db
2026-08-26 14:21:50,291 | INFO | database | [DB HEALTH] Database connection successful | database=asset_db
2026-08-26 14:21:50,351 | INFO | database | [DB HEALTH] Database connection successful | database=task_db
2026-08-26 14:21:50,433 | INFO | database | [DB HEALTH] Database connection successful | database=ticket_db
2026-08-26 14:24:01,453 | INFO | database | [DB HEALTH] Database connection successful | database=asset_db
2026-08-26 14:24:01,519 | INFO | database | [DB HEALTH] Database connection successful | database=task_db
2026-08-26 14:24:01,581 | INFO | database | [DB HEALTH] Database connection successful | database=ticket_db
2026-08-26 14:38:34,408 | INFO | database | [DB HEALTH] Database connection successful | database=asset_db
2026-08-26 14:38:34,456 | INFO | database | [DB HEALTH] Database connection successful | database=task_db
2026-08-26 14:38:34,520 | INFO | database | [DB HEALTH] Database connection successful | database=ticket_db
2026-08-26 15:18:56,692 | INFO | database | [DB HEALTH] Database connection successful | database=asset_db
2026-08-26 15:18:56,772 | INFO | database | [DB HEALTH] Database connection successful | database=task_db
2026-08-26 15:18:56,836 | INFO | database | [DB HEALTH] Database connection successful | database=ticket_db
2026-08-26 15:25:32,184 | INFO | database | [DB HEALTH] Database connection successful | database=asset_db
2026-08-26 15:25:32,267 | INFO | database | [DB HEALTH] Database connection successful | database=task_db
2026-08-26 15:25:32,325 | INFO | database | [DB HEALTH] Database connection successful | database=ticket_db
2026-08-26 15:28:05,491 | INFO | database | [DB HEALTH] Database connection successful | database=asset_db
2026-08-26 15:28:05,558 | INFO | database | [DB HEALTH] Database connection successful | database=task_db
2026-08-26 15:28:05,618 | INFO | database | [DB HEALTH] Database connection successful | database=ticket_db
2026-08-26 15:37:26,919 | INFO | database | [DB HEALTH] Database connection successful | database=asset_db
2026-08-26 15:37:27,132 | INFO | database | [DB HEALTH] Database connection successful | database=task_db
2026-08-26 15:37:27,342 | INFO | database | [DB HEALTH] Database connection successful | database=ticket_db
2026-08-26 16:00:02,519 | INFO | database | [DB HEALTH] Database connection successful | database=asset_db
2026-08-26 16:00:02,584 | INFO | database | [DB HEALTH] Database connection successful | database=task_db
2026-08-26 16:00:02,680 | INFO | database | [DB HEALTH] Database connection successful | database=ticket_db
2026-08-26 16:32:57,155 | INFO | database | [DB HEALTH] Database connection successful | database=asset_db
2026-08-26 16:32:57,622 | INFO | database | [DB HEALTH] Database connection successful | database=task_db
2026-08-26 16:32:57,772 | INFO | database | [DB HEALTH] Database connection successful | database=ticket_db
2026-08-26 16:56:05,426 | INFO | database | [DB HEALTH] Database connection successful | database=asset_db
2026-08-26 16:56:05,489 | INFO | database | [DB HEALTH] Database connection successful | database=task_db
2026-08-26 16:56:05,552 | INFO | database | [DB HEALTH] Database connection successful | database=ticket_db
2026-08-26 17:10:55,855 | INFO | database | [DB HEALTH] Database connection successful | database=asset_db
2026-08-26 17:10:55,988 | INFO | database | [DB HEALTH] Database connection successful | database=task_db
2026-08-26 17:10:56,122 | INFO | database | [DB HEALTH] Database connection successful | database=ticket_db
2026-08-26 17:27:01,028 | INFO | database | [DB HEALTH] Database connection successful | database=asset_db
2026-08-26 17:27:01,136 | INFO | database | [DB HEALTH] Database connection successful | database=task_db
2026-08-26 17:27:01,215 | INFO | database | [DB HEALTH] Database connection successful | database=ticket_db
